Archive member included to satisfy reference by file (symbol)

c:/mounriver/mounriver_studio/toolchain/risc-v embedded gcc/bin/../lib/gcc/riscv-none-embed/8.2.0/rv32imacxw/ilp32\libgcc.a(save-restore.o)
                              ./User/SPI_FLASH.o (__riscv_save_9)
c:/mounriver/mounriver_studio/toolchain/risc-v embedded gcc/bin/../lib/gcc/riscv-none-embed/8.2.0/../../../../riscv-none-embed/lib/rv32imacxw/ilp32\libg_nano.a(lib_a-memcpy.o)
                              ./User/SW_UDISK.o (memcpy)
c:/mounriver/mounriver_studio/toolchain/risc-v embedded gcc/bin/../lib/gcc/riscv-none-embed/8.2.0/../../../../riscv-none-embed/lib/rv32imacxw/ilp32\libg_nano.a(lib_a-printf.o)
                              ./User/Internal_Flash.o (printf)
c:/mounriver/mounriver_studio/toolchain/risc-v embedded gcc/bin/../lib/gcc/riscv-none-embed/8.2.0/../../../../riscv-none-embed/lib/rv32imacxw/ilp32\libg_nano.a(lib_a-puts.o)
                              ./User/SPI_FLASH.o (puts)
c:/mounriver/mounriver_studio/toolchain/risc-v embedded gcc/bin/../lib/gcc/riscv-none-embed/8.2.0/../../../../riscv-none-embed/lib/rv32imacxw/ilp32\libg_nano.a(lib_a-wbuf.o)
                              c:/mounriver/mounriver_studio/toolchain/risc-v embedded gcc/bin/../lib/gcc/riscv-none-embed/8.2.0/../../../../riscv-none-embed/lib/rv32imacxw/ilp32\libg_nano.a(lib_a-puts.o) (__swbuf_r)
c:/mounriver/mounriver_studio/toolchain/risc-v embedded gcc/bin/../lib/gcc/riscv-none-embed/8.2.0/../../../../riscv-none-embed/lib/rv32imacxw/ilp32\libg_nano.a(lib_a-wsetup.o)
                              c:/mounriver/mounriver_studio/toolchain/risc-v embedded gcc/bin/../lib/gcc/riscv-none-embed/8.2.0/../../../../riscv-none-embed/lib/rv32imacxw/ilp32\libg_nano.a(lib_a-puts.o) (__swsetup_r)
c:/mounriver/mounriver_studio/toolchain/risc-v embedded gcc/bin/../lib/gcc/riscv-none-embed/8.2.0/../../../../riscv-none-embed/lib/rv32imacxw/ilp32\libg_nano.a(lib_a-fflush.o)
                              c:/mounriver/mounriver_studio/toolchain/risc-v embedded gcc/bin/../lib/gcc/riscv-none-embed/8.2.0/../../../../riscv-none-embed/lib/rv32imacxw/ilp32\libg_nano.a(lib_a-wbuf.o) (_fflush_r)
c:/mounriver/mounriver_studio/toolchain/risc-v embedded gcc/bin/../lib/gcc/riscv-none-embed/8.2.0/../../../../riscv-none-embed/lib/rv32imacxw/ilp32\libg_nano.a(lib_a-findfp.o)
                              c:/mounriver/mounriver_studio/toolchain/risc-v embedded gcc/bin/../lib/gcc/riscv-none-embed/8.2.0/../../../../riscv-none-embed/lib/rv32imacxw/ilp32\libg_nano.a(lib_a-printf.o) (__sinit)
c:/mounriver/mounriver_studio/toolchain/risc-v embedded gcc/bin/../lib/gcc/riscv-none-embed/8.2.0/../../../../riscv-none-embed/lib/rv32imacxw/ilp32\libg_nano.a(lib_a-fwalk.o)
                              c:/mounriver/mounriver_studio/toolchain/risc-v embedded gcc/bin/../lib/gcc/riscv-none-embed/8.2.0/../../../../riscv-none-embed/lib/rv32imacxw/ilp32\libg_nano.a(lib_a-findfp.o) (_fwalk)
c:/mounriver/mounriver_studio/toolchain/risc-v embedded gcc/bin/../lib/gcc/riscv-none-embed/8.2.0/../../../../riscv-none-embed/lib/rv32imacxw/ilp32\libg_nano.a(lib_a-impure.o)
                              c:/mounriver/mounriver_studio/toolchain/risc-v embedded gcc/bin/../lib/gcc/riscv-none-embed/8.2.0/../../../../riscv-none-embed/lib/rv32imacxw/ilp32\libg_nano.a(lib_a-fflush.o) (_global_impure_ptr)
c:/mounriver/mounriver_studio/toolchain/risc-v embedded gcc/bin/../lib/gcc/riscv-none-embed/8.2.0/../../../../riscv-none-embed/lib/rv32imacxw/ilp32\libg_nano.a(lib_a-makebuf.o)
                              c:/mounriver/mounriver_studio/toolchain/risc-v embedded gcc/bin/../lib/gcc/riscv-none-embed/8.2.0/../../../../riscv-none-embed/lib/rv32imacxw/ilp32\libg_nano.a(lib_a-wsetup.o) (__smakebuf_r)
c:/mounriver/mounriver_studio/toolchain/risc-v embedded gcc/bin/../lib/gcc/riscv-none-embed/8.2.0/../../../../riscv-none-embed/lib/rv32imacxw/ilp32\libg_nano.a(lib_a-memset.o)
                              c:/mounriver/mounriver_studio/toolchain/risc-v embedded gcc/bin/../lib/gcc/riscv-none-embed/8.2.0/../../../../riscv-none-embed/lib/rv32imacxw/ilp32\libg_nano.a(lib_a-findfp.o) (memset)
c:/mounriver/mounriver_studio/toolchain/risc-v embedded gcc/bin/../lib/gcc/riscv-none-embed/8.2.0/../../../../riscv-none-embed/lib/rv32imacxw/ilp32\libg_nano.a(lib_a-nano-freer.o)
                              c:/mounriver/mounriver_studio/toolchain/risc-v embedded gcc/bin/../lib/gcc/riscv-none-embed/8.2.0/../../../../riscv-none-embed/lib/rv32imacxw/ilp32\libg_nano.a(lib_a-wsetup.o) (_free_r)
c:/mounriver/mounriver_studio/toolchain/risc-v embedded gcc/bin/../lib/gcc/riscv-none-embed/8.2.0/../../../../riscv-none-embed/lib/rv32imacxw/ilp32\libg_nano.a(lib_a-nano-mallocr.o)
                              c:/mounriver/mounriver_studio/toolchain/risc-v embedded gcc/bin/../lib/gcc/riscv-none-embed/8.2.0/../../../../riscv-none-embed/lib/rv32imacxw/ilp32\libg_nano.a(lib_a-findfp.o) (_malloc_r)
[...]
Memory Configuration

Name             Origin             Length             Attributes
FLASH            0x0000000000000000 0x000000000000f800 xr
RAM              0x0000000020000000 0x0000000000005000 xrw
*default*        0x0000000000000000 0xffffffffffffffff

Linker script and memory map

LOAD ./User/Internal_Flash.o
LOAD ./User/SPI_FLASH.o
LOAD ./User/SW_UDISK.o
LOAD ./User/ch32x035_it.o
LOAD ./User/ch32x035_usbfs_device.o
LOAD ./User/main.o
LOAD ./User/system_ch32x035.o
LOAD ./User/usb_desc.o
LOAD ./Startup/startup_ch32x035.o
LOAD ./Peripheral/src/ch32x035_adc.o
LOAD ./Peripheral/src/ch32x035_awu.o
LOAD ./Peripheral/src/ch32x035_dbgmcu.o
LOAD ./Peripheral/src/ch32x035_dma.o
LOAD ./Peripheral/src/ch32x035_exti.o
LOAD ./Peripheral/src/ch32x035_flash.o
LOAD ./Peripheral/src/ch32x035_gpio.o
LOAD ./Peripheral/src/ch32x035_i2c.o
LOAD ./Peripheral/src/ch32x035_iwdg.o
LOAD ./Peripheral/src/ch32x035_misc.o
LOAD ./Peripheral/src/ch32x035_opa.o
LOAD ./Peripheral/src/ch32x035_pwr.o
LOAD ./Peripheral/src/ch32x035_rcc.o
LOAD ./Peripheral/src/ch32x035_spi.o
LOAD ./Peripheral/src/ch32x035_tim.o
LOAD ./Peripheral/src/ch32x035_usart.o
LOAD ./Peripheral/src/ch32x035_wwdg.o
LOAD ./Debug/debug.o
LOAD ./Core/core_riscv.o
LOAD c:/mounriver/mounriver_studio/toolchain/risc-v embedded gcc/bin/../lib/gcc/riscv-none-embed/8.2.0/rv32imacxw/ilp32\libgcc.a
LOAD c:/mounriver/mounriver_studio/toolchain/risc-v embedded gcc/bin/../lib/gcc/riscv-none-embed/8.2.0/../../../../riscv-none-embed/lib/rv32imacxw/ilp32\libg_nano.a
LOAD c:/mounriver/mounriver_studio/toolchain/risc-v embedded gcc/bin/../lib/gcc/riscv-none-embed/8.2.0/../../../../riscv-none-embed/lib/rv32imacxw/ilp32\libc_nano.a
LOAD c:/mounriver/mounriver_studio/toolchain/risc-v embedded gcc/bin/../lib/gcc/riscv-none-embed/8.2.0/rv32imacxw/ilp32\libgcc.a
START GROUP
LOAD c:/mounriver/mounriver_studio/toolchain/risc-v embedded gcc/bin/../lib/gcc/riscv-none-embed/8.2.0/rv32imacxw/ilp32\libgcc.a
LOAD c:/mounriver/mounriver_studio/toolchain/risc-v embedded gcc/bin/../lib/gcc/riscv-none-embed/8.2.0/../../../../riscv-none-embed/lib/rv32imacxw/ilp32\libc_nano.a
LOAD c:/mounriver/mounriver_studio/toolchain/risc-v embedded gcc/bin/../lib/gcc/riscv-none-embed/8.2.0/../../../../riscv-none-embed/lib/rv32imacxw/ilp32\libnosys.a
END GROUP
START GROUP
LOAD c:/mounriver/mounriver_studio/toolchain/risc-v embedded gcc/bin/../lib/gcc/riscv-none-embed/8.2.0/rv32imacxw/ilp32\libgcc.a
LOAD c:/mounriver/mounriver_studio/toolchain/risc-v embedded gcc/bin/../lib/gcc/riscv-none-embed/8.2.0/../../../../riscv-none-embed/lib/rv32imacxw/ilp32\libc_nano.a
LOAD c:/mounriver/mounriver_studio/toolchain/risc-v embedded gcc/bin/../lib/gcc/riscv-none-embed/8.2.0/../../../../riscv-none-embed/lib/rv32imacxw/ilp32\libnosys.a
END GROUP
                0x0000000000000800                __stack_size = 0x800
                [!provide]                        PROVIDE (_stack_size = __stack_size)

.init           0x0000000000000000        0x4
                0x0000000000000000                _sinit = .
                0x0000000000000000                . = ALIGN (0x4)
 *(SORT_NONE(.init))
 .init          0x0000000000000000        0x4 ./Startup/startup_ch32x035.o
                0x0000000000000000                _start
                0x0000000000000004                . = ALIGN (0x4)
                0x0000000000000004                _einit = .

.vector         0x0000000000000004       0xfc
 *(.vector)
 .vector        0x0000000000000004       0xdc ./Startup/startup_ch32x035.o
                0x0000000000000100                . = ALIGN (0x40)
 *fill*         0x00000000000000e0       0x20 

.text           0x0000000000000100     0x1868
                0x0000000000000100                . = ALIGN (0x4)
 *(.text)
 .text          0x0000000000000100       0x60 c:/mounriver/mounriver_studio/toolchain/risc-v embedded gcc/bin/../lib/gcc/riscv-none-embed/8.2.0/rv32imacxw/ilp32\libgcc.a(save-restore.o)
                0x0000000000000100                __riscv_save_12
                0x0000000000000108                __riscv_save_9
                0x0000000000000108                __riscv_save_11
                0x0000000000000108                __riscv_save_10
                0x0000000000000108                __riscv_save_8
                0x0000000000000116                __riscv_save_4
                0x0000000000000116                __riscv_save_6
                0x0000000000000116                __riscv_save_5
                0x0000000000000116                __riscv_save_7
                0x0000000000000130                __riscv_save_3
                0x0000000000000130                __riscv_save_2
                0x0000000000000130                __riscv_save_1
                0x0000000000000130                __riscv_save_0
                0x000000000000013c                __riscv_restore_12
                0x0000000000000140                __riscv_restore_11
                0x0000000000000140                __riscv_restore_9
                0x0000000000000140                __riscv_restore_10
                0x0000000000000140                __riscv_restore_8
                0x000000000000014a                __riscv_restore_5
                0x000000000000014a                __riscv_restore_7
                0x000000000000014a                __riscv_restore_6
                0x000000000000014a                __riscv_restore_4
                0x0000000000000154                __riscv_restore_3
                0x0000000000000154                __riscv_restore_0
                0x0000000000000154                __riscv_restore_2
                0x0000000000000154                __riscv_restore_1
 .text          0x0000000000000160       0xa8 c:/mounriver/mounriver_studio/toolchain/risc-v embedded gcc/bin/../lib/gcc/riscv-none-embed/8.2.0/../../../../riscv-none-embed/lib/rv32imacxw/ilp32\libg_nano.a(lib_a-memset.o)
                0x0000000000000160                memset
 *(.text.*)
 .text.NMI_Handler
                0x0000000000000208        0x4 ./User/ch32x035_it.o
                0x0000000000000208                NMI_Handler
 .text.HardFault_Handler
                0x000000000000020c        0x2 ./User/ch32x035_it.o
                0x000000000000020c                HardFault_Handler
 .text.startup.main
                0x000000000000020e       0x70 ./User/main.o
                0x000000000000020e                main
 .text.SystemInit
                0x000000000000027e       0x42 ./User/system_ch32x035.o
                0x000000000000027e                SystemInit
 .text.vector_handler
                0x00000000000002c0        0x2 ./Startup/startup_ch32x035.o
                0x00000000000002c0                TIM1_CC_IRQHandler
                0x00000000000002c0                TIM2_UP_IRQHandler
                0x00000000000002c0                USBPD_IRQHandler
                0x00000000000002c0                SysTick_Handler
                0x00000000000002c0                PVD_IRQHandler
                0x00000000000002c0                EXTI25_16_IRQHandler
                0x00000000000002c0                USBFS_IRQHandler
                0x00000000000002c0                Break_Point_Handler
                0x00000000000002c0                TIM2_TRG_COM_IRQHandler
                0x00000000000002c0                TIM2_CC_IRQHandler
                0x00000000000002c0                SPI1_IRQHandler
                0x00000000000002c0                AWU_IRQHandler
                0x00000000000002c0                EXTI7_0_IRQHandler
                0x00000000000002c0                Ecall_M_Mode_Handler
                0x00000000000002c0                DMA1_Channel4_IRQHandler
                0x00000000000002c0                ADC1_IRQHandler
                0x00000000000002c0                TIM2_BRK_IRQHandler
                0x00000000000002c0                USART3_IRQHandler
                0x00000000000002c0                DMA1_Channel7_IRQHandler
                0x00000000000002c0                USBPDWakeUp_IRQHandler
                0x00000000000002c0                EXTI15_8_IRQHandler
                0x00000000000002c0                I2C1_EV_IRQHandler
                0x00000000000002c0                USART4_IRQHandler
                0x00000000000002c0                DMA1_Channel6_IRQHandler
                0x00000000000002c0                TIM3_IRQHandler
                0x00000000000002c0                TIM1_TRG_COM_IRQHandler
                0x00000000000002c0                DMA1_Channel1_IRQHandler
                0x00000000000002c0                DMA1_Channel8_IRQHandler
                0x00000000000002c0                PIOC_IRQHandler
                0x00000000000002c0                DMA1_Channel5_IRQHandler
                0x00000000000002c0                DMA1_Channel3_IRQHandler
                0x00000000000002c0                TIM1_UP_IRQHandler
                0x00000000000002c0                WWDG_IRQHandler
                0x00000000000002c0                Ecall_U_Mode_Handler
                0x00000000000002c0                SW_Handler
                0x00000000000002c0                TIM1_BRK_IRQHandler
                0x00000000000002c0                OPA_IRQHandler
                0x00000000000002c0                USART2_IRQHandler
                0x00000000000002c0                DMA1_Channel2_IRQHandler
                0x00000000000002c0                FLASH_IRQHandler
                0x00000000000002c0                USBFSWakeUp_IRQHandler
                0x00000000000002c0                USART1_IRQHandler
                0x00000000000002c0                I2C1_ER_IRQHandler
 .text.handle_reset
                0x00000000000002c2       0x86 ./Startup/startup_ch32x035.o
                0x00000000000002c2                handle_reset
 .text.GPIO_Init
                0x0000000000000348      0x16e ./Peripheral/src/ch32x035_gpio.o
                0x0000000000000348                GPIO_Init
 .text.RCC_GetClocksFreq
                0x00000000000004b6       0x3e ./Peripheral/src/ch32x035_rcc.o
                0x00000000000004b6                RCC_GetClocksFreq
 .text.RCC_APB2PeriphClockCmd
                0x00000000000004f4       0x1e ./Peripheral/src/ch32x035_rcc.o
                0x00000000000004f4                RCC_APB2PeriphClockCmd
 .text.USART_Init
                0x0000000000000512       0x8c ./Peripheral/src/ch32x035_usart.o
                0x0000000000000512                USART_Init
 .text.USART_Cmd
                0x000000000000059e       0x16 ./Peripheral/src/ch32x035_usart.o
                0x000000000000059e                USART_Cmd
 .text.USART_SendData
                0x00000000000005b4        0x8 ./Peripheral/src/ch32x035_usart.o
                0x00000000000005b4                USART_SendData
 .text.USART_GetFlagStatus
                0x00000000000005bc        0xa ./Peripheral/src/ch32x035_usart.o
                0x00000000000005bc                USART_GetFlagStatus
 .text.Delay_Init
                0x00000000000005c6       0x2a ./Debug/debug.o
                0x00000000000005c6                Delay_Init
 .text.Delay_Ms
                0x00000000000005f0       0x36 ./Debug/debug.o
                0x00000000000005f0                Delay_Ms
 .text.USART_Printf_Init
                0x0000000000000626       0x50 ./Debug/debug.o
                0x0000000000000626                USART_Printf_Init
 .text._write   0x0000000000000676       0x38 ./Debug/debug.o
                0x0000000000000676                _write
 .text._sbrk    0x00000000000006ae       0x26 ./Debug/debug.o
                0x00000000000006ae                _sbrk
 .text.printf   0x00000000000006d4       0x40 c:/mounriver/mounriver_studio/toolchain/risc-v embedded gcc/bin/../lib/gcc/riscv-none-embed/8.2.0/../../../../riscv-none-embed/lib/rv32imacxw/ilp32\libg_nano.a(lib_a-printf.o)
                0x00000000000006d4                iprintf
                0x00000000000006d4                printf
 .text._puts_r  0x0000000000000714       0xd4 c:/mounriver/mounriver_studio/toolchain/risc-v embedded gcc/bin/../lib/gcc/riscv-none-embed/8.2.0/../../../../riscv-none-embed/lib/rv32imacxw/ilp32\libg_nano.a(lib_a-puts.o)
                0x0000000000000714                _puts_r
 .text.puts     0x00000000000007e8        0xa c:/mounriver/mounriver_studio/toolchain/risc-v embedded gcc/bin/../lib/gcc/riscv-none-embed/8.2.0/../../../../riscv-none-embed/lib/rv32imacxw/ilp32\libg_nano.a(lib_a-puts.o)
                0x00000000000007e8                puts
 .text.__swbuf_r
                0x00000000000007f2       0xbc c:/mounriver/mounriver_studio/toolchain/risc-v embedded gcc/bin/../lib/gcc/riscv-none-embed/8.2.0/../../../../riscv-none-embed/lib/rv32imacxw/ilp32\libg_nano.a(lib_a-wbuf.o)
                0x00000000000007f2                __swbuf_r
 .text.__swsetup_r
                0x00000000000008ae       0xfc c:/mounriver/mounriver_studio/toolchain/risc-v embedded gcc/bin/../lib/gcc/riscv-none-embed/8.2.0/../../../../riscv-none-embed/lib/rv32imacxw/ilp32\libg_nano.a(lib_a-wsetup.o)
                0x00000000000008ae                __swsetup_r
 .text.__sflush_r
                0x00000000000009aa      0x130 c:/mounriver/mounriver_studio/toolchain/risc-v embedded gcc/bin/../lib/gcc/riscv-none-embed/8.2.0/../../../../riscv-none-embed/lib/rv32imacxw/ilp32\libg_nano.a(lib_a-fflush.o)
                0x00000000000009aa                __sflush_r
 .text._fflush_r
                0x0000000000000ada       0x64 c:/mounriver/mounriver_studio/toolchain/risc-v embedded gcc/bin/../lib/gcc/riscv-none-embed/8.2.0/../../../../riscv-none-embed/lib/rv32imacxw/ilp32\libg_nano.a(lib_a-fflush.o)
                0x0000000000000ada                _fflush_r
 .text.std      0x0000000000000b3e       0x66 c:/mounriver/mounriver_studio/toolchain/risc-v embedded gcc/bin/../lib/gcc/riscv-none-embed/8.2.0/../../../../riscv-none-embed/lib/rv32imacxw/ilp32\libg_nano.a(lib_a-findfp.o)
 .text._cleanup_r
                0x0000000000000ba4        0xa c:/mounriver/mounriver_studio/toolchain/risc-v embedded gcc/bin/../lib/gcc/riscv-none-embed/8.2.0/../../../../riscv-none-embed/lib/rv32imacxw/ilp32\libg_nano.a(lib_a-findfp.o)
                0x0000000000000ba4                _cleanup_r
 .text.__sfmoreglue
                0x0000000000000bae       0x46 c:/mounriver/mounriver_studio/toolchain/risc-v embedded gcc/bin/../lib/gcc/riscv-none-embed/8.2.0/../../../../riscv-none-embed/lib/rv32imacxw/ilp32\libg_nano.a(lib_a-findfp.o)
                0x0000000000000bae                __sfmoreglue
 .text.__sinit  0x0000000000000bf4       0x66 c:/mounriver/mounriver_studio/toolchain/risc-v embedded gcc/bin/../lib/gcc/riscv-none-embed/8.2.0/../../../../riscv-none-embed/lib/rv32imacxw/ilp32\libg_nano.a(lib_a-findfp.o)
                0x0000000000000bf4                __sinit
 .text.__sfp    0x0000000000000c5a       0x9c c:/mounriver/mounriver_studio/toolchain/risc-v embedded gcc/bin/../lib/gcc/riscv-none-embed/8.2.0/../../../../riscv-none-embed/lib/rv32imacxw/ilp32\libg_nano.a(lib_a-findfp.o)
                0x0000000000000c5a                __sfp
 .text._fwalk_reent
                0x0000000000000cf6       0x6a c:/mounriver/mounriver_studio/toolchain/risc-v embedded gcc/bin/../lib/gcc/riscv-none-embed/8.2.0/../../../../riscv-none-embed/lib/rv32imacxw/ilp32\libg_nano.a(lib_a-fwalk.o)
                0x0000000000000cf6                _fwalk_reent
 .text.__swhatbuf_r
                0x0000000000000d60       0x58 c:/mounriver/mounriver_studio/toolchain/risc-v embedded gcc/bin/../lib/gcc/riscv-none-embed/8.2.0/../../../../riscv-none-embed/lib/rv32imacxw/ilp32\libg_nano.a(lib_a-makebuf.o)
                0x0000000000000d60                __swhatbuf_r
 .text.__smakebuf_r
                0x0000000000000db8       0x90 c:/mounriver/mounriver_studio/toolchain/risc-v embedded gcc/bin/../lib/gcc/riscv-none-embed/8.2.0/../../../../riscv-none-embed/lib/rv32imacxw/ilp32\libg_nano.a(lib_a-makebuf.o)
                0x0000000000000db8                __smakebuf_r
 .text._free_r  0x0000000000000e48       0xa8 c:/mounriver/mounriver_studio/toolchain/risc-v embedded gcc/bin/../lib/gcc/riscv-none-embed/8.2.0/../../../../riscv-none-embed/lib/rv32imacxw/ilp32\libg_nano.a(lib_a-nano-freer.o)
                0x0000000000000e48                _free_r
 .text._malloc_r
                0x0000000000000ef0       0xd4 c:/mounriver/mounriver_studio/toolchain/risc-v embedded gcc/bin/../lib/gcc/riscv-none-embed/8.2.0/../../../../riscv-none-embed/lib/rv32imacxw/ilp32\libg_nano.a(lib_a-nano-mallocr.o)
                0x0000000000000ef0                _malloc_r
 .text.__sfputc_r
                0x0000000000000fc4       0x28 c:/mounriver/mounriver_studio/toolchain/risc-v embedded gcc/bin/../lib/gcc/riscv-none-embed/8.2.0/../../../../riscv-none-embed/lib/rv32imacxw/ilp32\libg_nano.a(lib_a-nano-vfprintf.o)
 .text.__sfputs_r
                0x0000000000000fec       0x40 c:/mounriver/mounriver_studio/toolchain/risc-v embedded gcc/bin/../lib/gcc/riscv-none-embed/8.2.0/../../../../riscv-none-embed/lib/rv32imacxw/ilp32\libg_nano.a(lib_a-nano-vfprintf.o)
                0x0000000000000fec                __sfputs_r
 .text._vfprintf_r
                0x000000000000102c      0x284 c:/mounriver/mounriver_studio/toolchain/risc-v embedded gcc/bin/../lib/gcc/riscv-none-embed/8.2.0/../../../../riscv-none-embed/lib/rv32imacxw/ilp32\libg_nano.a(lib_a-nano-vfprintf.o)
                0x000000000000102c                _vfprintf_r
                0x000000000000102c                _vfiprintf_r
 .text._printf_common
                0x00000000000012b0      0x10c c:/mounriver/mounriver_studio/toolchain/risc-v embedded gcc/bin/../lib/gcc/riscv-none-embed/8.2.0/../../../../riscv-none-embed/lib/rv32imacxw/ilp32\libg_nano.a(lib_a-nano-vfprintf_i.o)
                0x00000000000012b0                _printf_common
 .text._printf_i
                0x00000000000013bc      0x2a0 c:/mounriver/mounriver_studio/toolchain/risc-v embedded gcc/bin/../lib/gcc/riscv-none-embed/8.2.0/../../../../riscv-none-embed/lib/rv32imacxw/ilp32\libg_nano.a(lib_a-nano-vfprintf_i.o)
                0x00000000000013bc                _printf_i
 .text._sbrk_r  0x000000000000165c       0x2a c:/mounriver/mounriver_studio/toolchain/risc-v embedded gcc/bin/../lib/gcc/riscv-none-embed/8.2.0/../../../../riscv-none-embed/lib/rv32imacxw/ilp32\libg_nano.a(lib_a-sbrkr.o)
                0x000000000000165c                _sbrk_r
 .text.__sread  0x0000000000001686       0x2c c:/mounriver/mounriver_studio/toolchain/risc-v embedded gcc/bin/../lib/gcc/riscv-none-embed/8.2.0/../../../../riscv-none-embed/lib/rv32imacxw/ilp32\libg_nano.a(lib_a-stdio.o)
                0x0000000000001686                __sread
 .text.__swrite
                0x00000000000016b2       0x48 c:/mounriver/mounriver_studio/toolchain/risc-v embedded gcc/bin/../lib/gcc/riscv-none-embed/8.2.0/../../../../riscv-none-embed/lib/rv32imacxw/ilp32\libg_nano.a(lib_a-stdio.o)
                0x00000000000016b2                __swrite
 .text.__sseek  0x00000000000016fa       0x30 c:/mounriver/mounriver_studio/toolchain/risc-v embedded gcc/bin/../lib/gcc/riscv-none-embed/8.2.0/../../../../riscv-none-embed/lib/rv32imacxw/ilp32\libg_nano.a(lib_a-stdio.o)
                0x00000000000016fa                __sseek
 .text.__sclose
                0x000000000000172a        0x6 c:/mounriver/mounriver_studio/toolchain/risc-v embedded gcc/bin/../lib/gcc/riscv-none-embed/8.2.0/../../../../riscv-none-embed/lib/rv32imacxw/ilp32\libg_nano.a(lib_a-stdio.o)
                0x000000000000172a                __sclose
 .text._write_r
                0x0000000000001730       0x2e c:/mounriver/mounriver_studio/toolchain/risc-v embedded gcc/bin/../lib/gcc/riscv-none-embed/8.2.0/../../../../riscv-none-embed/lib/rv32imacxw/ilp32\libg_nano.a(lib_a-writer.o)
                0x0000000000001730                _write_r
 .text._close_r
                0x000000000000175e       0x28 c:/mounriver/mounriver_studio/toolchain/risc-v embedded gcc/bin/../lib/gcc/riscv-none-embed/8.2.0/../../../../riscv-none-embed/lib/rv32imacxw/ilp32\libg_nano.a(lib_a-closer.o)
                0x000000000000175e                _close_r
 .text._fstat_r
                0x0000000000001786       0x2a c:/mounriver/mounriver_studio/toolchain/risc-v embedded gcc/bin/../lib/gcc/riscv-none-embed/8.2.0/../../../../riscv-none-embed/lib/rv32imacxw/ilp32\libg_nano.a(lib_a-fstatr.o)
                0x0000000000001786                _fstat_r
 .text._isatty_r
                0x00000000000017b0       0x28 c:/mounriver/mounriver_studio/toolchain/risc-v embedded gcc/bin/../lib/gcc/riscv-none-embed/8.2.0/../../../../riscv-none-embed/lib/rv32imacxw/ilp32\libg_nano.a(lib_a-isattyr.o)
                0x00000000000017b0                _isatty_r
 .text._lseek_r
                0x00000000000017d8       0x2c c:/mounriver/mounriver_studio/toolchain/risc-v embedded gcc/bin/../lib/gcc/riscv-none-embed/8.2.0/../../../../riscv-none-embed/lib/rv32imacxw/ilp32\libg_nano.a(lib_a-lseekr.o)
                0x00000000000017d8                _lseek_r
 .text.memchr   0x0000000000001804       0x18 c:/mounriver/mounriver_studio/toolchain/risc-v embedded gcc/bin/../lib/gcc/riscv-none-embed/8.2.0/../../../../riscv-none-embed/lib/rv32imacxw/ilp32\libg_nano.a(lib_a-memchr.o)
                0x0000000000001804                memchr
 .text.__malloc_lock
                0x000000000000181c        0x2 c:/mounriver/mounriver_studio/toolchain/risc-v embedded gcc/bin/../lib/gcc/riscv-none-embed/8.2.0/../../../../riscv-none-embed/lib/rv32imacxw/ilp32\libg_nano.a(lib_a-mlock.o)
                0x000000000000181c                __malloc_lock
 .text.__malloc_unlock
                0x000000000000181e        0x2 c:/mounriver/mounriver_studio/toolchain/risc-v embedded gcc/bin/../lib/gcc/riscv-none-embed/8.2.0/../../../../riscv-none-embed/lib/rv32imacxw/ilp32\libg_nano.a(lib_a-mlock.o)
                0x000000000000181e                __malloc_unlock
 .text._read_r  0x0000000000001820       0x2c c:/mounriver/mounriver_studio/toolchain/risc-v embedded gcc/bin/../lib/gcc/riscv-none-embed/8.2.0/../../../../riscv-none-embed/lib/rv32imacxw/ilp32\libg_nano.a(lib_a-readr.o)
                0x0000000000001820                _read_r
 .text._close   0x000000000000184c        0xc c:/mounriver/mounriver_studio/toolchain/risc-v embedded gcc/bin/../lib/gcc/riscv-none-embed/8.2.0/../../../../riscv-none-embed/lib/rv32imacxw/ilp32\libnosys.a(close.o)
                0x000000000000184c                _close
 .text._fstat   0x0000000000001858        0xc c:/mounriver/mounriver_studio/toolchain/risc-v embedded gcc/bin/../lib/gcc/riscv-none-embed/8.2.0/../../../../riscv-none-embed/lib/rv32imacxw/ilp32\libnosys.a(fstat.o)
                0x0000000000001858                _fstat
 .text._isatty  0x0000000000001864        0xc c:/mounriver/mounriver_studio/toolchain/risc-v embedded gcc/bin/../lib/gcc/riscv-none-embed/8.2.0/../../../../riscv-none-embed/lib/rv32imacxw/ilp32\libnosys.a(isatty.o)
                0x0000000000001864                _isatty
 .text._lseek   0x0000000000001870        0xc c:/mounriver/mounriver_studio/toolchain/risc-v embedded gcc/bin/../lib/gcc/riscv-none-embed/8.2.0/../../../../riscv-none-embed/lib/rv32imacxw/ilp32\libnosys.a(lseek.o)
                0x0000000000001870                _lseek
 .text._read    0x000000000000187c        0xc c:/mounriver/mounriver_studio/toolchain/risc-v embedded gcc/bin/../lib/gcc/riscv-none-embed/8.2.0/../../../../riscv-none-embed/lib/rv32imacxw/ilp32\libnosys.a(read.o)
                0x000000000000187c                _read
 *(.rodata)
 *(.rodata*)
 .rodata.main.str1.4
                0x0000000000001888       0x42 ./User/main.o
 *fill*         0x00000000000018ca        0x2 
 .rodata.__sf_fake_stderr
                0x00000000000018cc       0x20 c:/mounriver/mounriver_studio/toolchain/risc-v embedded gcc/bin/../lib/gcc/riscv-none-embed/8.2.0/../../../../riscv-none-embed/lib/rv32imacxw/ilp32\libg_nano.a(lib_a-findfp.o)
                0x00000000000018cc                __sf_fake_stderr
 .rodata.__sf_fake_stdin
                0x00000000000018ec       0x20 c:/mounriver/mounriver_studio/toolchain/risc-v embedded gcc/bin/../lib/gcc/riscv-none-embed/8.2.0/../../../../riscv-none-embed/lib/rv32imacxw/ilp32\libg_nano.a(lib_a-findfp.o)
                0x00000000000018ec                __sf_fake_stdin
 .rodata.__sf_fake_stdout
                0x000000000000190c       0x20 c:/mounriver/mounriver_studio/toolchain/risc-v embedded gcc/bin/../lib/gcc/riscv-none-embed/8.2.0/../../../../riscv-none-embed/lib/rv32imacxw/ilp32\libg_nano.a(lib_a-findfp.o)
                0x000000000000190c                __sf_fake_stdout
 .rodata._vfprintf_r.str1.4
                0x000000000000192c       0x13 c:/mounriver/mounriver_studio/toolchain/risc-v embedded gcc/bin/../lib/gcc/riscv-none-embed/8.2.0/../../../../riscv-none-embed/lib/rv32imacxw/ilp32\libg_nano.a(lib_a-nano-vfprintf.o)
 *fill*         0x000000000000193f        0x1 
 .rodata._printf_i.str1.4
                0x0000000000001940       0x28 c:/mounriver/mounriver_studio/toolchain/risc-v embedded gcc/bin/../lib/gcc/riscv-none-embed/8.2.0/../../../../riscv-none-embed/lib/rv32imacxw/ilp32\libg_nano.a(lib_a-nano-vfprintf_i.o)
                                         0x25 (size before relaxing)
 *(.gnu.linkonce.t.*)
                0x0000000000001968                . = ALIGN (0x4)

.rela.dyn       0x0000000000001968        0x0
 .rela.text.startup.main
                0x0000000000001968        0x0 ./User/SPI_FLASH.o
 .rela.init     0x0000000000001968        0x0 ./User/SPI_FLASH.o
 .rela.vector   0x0000000000001968        0x0 ./User/SPI_FLASH.o
 .rela.text.handle_reset
                0x0000000000001968        0x0 ./User/SPI_FLASH.o
 .rela.text._sbrk
                0x0000000000001968        0x0 ./User/SPI_FLASH.o
 .rela.sdata.curbrk.4333
                0x0000000000001968        0x0 ./User/SPI_FLASH.o
 .rela.text._vfprintf_r
                0x0000000000001968        0x0 ./User/SPI_FLASH.o
 .rela.text._sbrk_r
                0x0000000000001968        0x0 ./User/SPI_FLASH.o
 .rela.text._write_r
                0x0000000000001968        0x0 ./User/SPI_FLASH.o
 .rela.text._close_r
                0x0000000000001968        0x0 ./User/SPI_FLASH.o
 .rela.text._fstat_r
                0x0000000000001968        0x0 ./User/SPI_FLASH.o
 .rela.text._isatty_r
                0x0000000000001968        0x0 ./User/SPI_FLASH.o
 .rela.text._lseek_r
                0x0000000000001968        0x0 ./User/SPI_FLASH.o
 .rela.text._read_r
                0x0000000000001968        0x0 ./User/SPI_FLASH.o
 .rela.text._close
                0x0000000000001968        0x0 ./User/SPI_FLASH.o
 .rela.text._fstat
                0x0000000000001968        0x0 ./User/SPI_FLASH.o
 .rela.text._isatty
                0x0000000000001968        0x0 ./User/SPI_FLASH.o
 .rela.text._lseek
                0x0000000000001968        0x0 ./User/SPI_FLASH.o
 .rela.text._read
                0x0000000000001968        0x0 ./User/SPI_FLASH.o

.fini           0x0000000000001968        0x0
 *(SORT_NONE(.fini))
                0x0000000000001968                . = ALIGN (0x4)
                [!provide]                        PROVIDE (_etext = .)
                [!provide]                        PROVIDE (_eitcm = .)

.preinit_array  0x0000000000001968        0x0
                [!provide]                        PROVIDE (__preinit_array_start = .)
 *(.preinit_array)
                [!provide]                        PROVIDE (__preinit_array_end = .)

.init_array     0x0000000000001968        0x0
                [!provide]                        PROVIDE (__init_array_start = .)
 *(SORT_BY_INIT_PRIORITY(.init_array.*) SORT_BY_INIT_PRIORITY(.ctors.*))
 *(.init_array EXCLUDE_FILE(*crtend?.o *crtend.o *crtbegin?.o *crtbegin.o) .ctors)
                [!provide]                        PROVIDE (__init_array_end = .)

.fini_array     0x0000000000001968        0x0
                [!provide]                        PROVIDE (__fini_array_start = .)
 *(SORT_BY_INIT_PRIORITY(.fini_array.*) SORT_BY_INIT_PRIORITY(.dtors.*))
 *(.fini_array EXCLUDE_FILE(*crtend?.o *crtend.o *crtbegin?.o *crtbegin.o) .dtors)
                [!provide]                        PROVIDE (__fini_array_end = .)

.ctors
 *crtbegin.o(.ctors)
 *crtbegin?.o(.ctors)
 *(EXCLUDE_FILE(*crtend?.o *crtend.o) .ctors)
 *(SORT_BY_NAME(.ctors.*))
 *(.ctors)

.dtors
 *crtbegin.o(.dtors)
 *crtbegin?.o(.dtors)
 *(EXCLUDE_FILE(*crtend?.o *crtend.o) .dtors)
 *(SORT_BY_NAME(.dtors.*))
 *(.dtors)

.dalign         0x0000000020000000        0x0 load address 0x0000000000001968
                0x0000000020000000                . = ALIGN (0x4)
                0x0000000020000000                PROVIDE (_data_vma = .)

.dlalign        0x0000000000001968        0x0
                0x0000000000001968                . = ALIGN (0x4)
                0x0000000000001968                PROVIDE (_data_lma = .)

.data           0x0000000020000000       0x90 load address 0x0000000000001968
 *(.gnu.linkonce.r.*)
 *(.data .data.*)
 .data.APBAHBPrescTable
                0x0000000020000000       0x10 ./Peripheral/src/ch32x035_rcc.o
 .data.impure_data
                0x0000000020000010       0x60 c:/mounriver/mounriver_studio/toolchain/risc-v embedded gcc/bin/../lib/gcc/riscv-none-embed/8.2.0/../../../../riscv-none-embed/lib/rv32imacxw/ilp32\libg_nano.a(lib_a-impure.o)
 *(.gnu.linkonce.d.*)
                0x0000000020000070                . = ALIGN (0x8)
                0x0000000020000870                PROVIDE (__global_pointer$ = (. + 0x800))
 *(.sdata .sdata.*)
 .sdata.SystemCoreClock
                0x0000000020000070        0x4 ./User/system_ch32x035.o
                0x0000000020000070                SystemCoreClock
 .sdata.CFGHR_tmpA
                0x0000000020000074        0x4 ./Peripheral/src/ch32x035_gpio.o
                0x0000000020000074                CFGHR_tmpA
 .sdata.CFGHR_tmpB
                0x0000000020000078        0x4 ./Peripheral/src/ch32x035_gpio.o
                0x0000000020000078                CFGHR_tmpB
 .sdata.CFGHR_tmpC
                0x000000002000007c        0x4 ./Peripheral/src/ch32x035_gpio.o
                0x000000002000007c                CFGHR_tmpC
 .sdata.curbrk.4333
                0x0000000020000080        0x4 ./Debug/debug.o
 .sdata._impure_ptr
                0x0000000020000084        0x4 c:/mounriver/mounriver_studio/toolchain/risc-v embedded gcc/bin/../lib/gcc/riscv-none-embed/8.2.0/../../../../riscv-none-embed/lib/rv32imacxw/ilp32\libg_nano.a(lib_a-impure.o)
                0x0000000020000084                _impure_ptr
 *(.sdata2.*)
 .sdata2._global_impure_ptr
                0x0000000020000088        0x4 c:/mounriver/mounriver_studio/toolchain/risc-v embedded gcc/bin/../lib/gcc/riscv-none-embed/8.2.0/../../../../riscv-none-embed/lib/rv32imacxw/ilp32\libg_nano.a(lib_a-impure.o)
                0x0000000020000088                _global_impure_ptr
 *(.gnu.linkonce.s.*)
                0x0000000020000090                . = ALIGN (0x8)
 *fill*         0x000000002000008c        0x4 
 *(.srodata.cst16)
 *(.srodata.cst8)
 *(.srodata.cst4)
 *(.srodata.cst2)
 *(.srodata .srodata.*)
                0x0000000020000090                . = ALIGN (0x4)
                0x0000000020000090                PROVIDE (_edata = .)

.bss            0x0000000020000090       0x20 load address 0x00000000000019f8
                0x0000000020000090                . = ALIGN (0x4)
                0x0000000020000090                PROVIDE (_sbss = .)
 *(.sbss*)
 .sbss.Flash_Sector_Count
                0x0000000020000090        0x4 ./User/SPI_FLASH.o
                0x0000000020000090                Flash_Sector_Count
 .sbss.Flash_Sector_Size
                0x0000000020000094        0x2 ./User/SPI_FLASH.o
                0x0000000020000094                Flash_Sector_Size
 *fill*         0x0000000020000096        0x2 
 .sbss.Udisk_Capability
                0x0000000020000098        0x4 ./User/SW_UDISK.o
                0x0000000020000098                Udisk_Capability
 .sbss.Udisk_Status
                0x000000002000009c        0x1 ./User/SW_UDISK.o
                0x000000002000009c                Udisk_Status
 *fill*         0x000000002000009d        0x1 
 .sbss.p_ms     0x000000002000009e        0x2 ./Debug/debug.o
 .sbss.p_us     0x00000000200000a0        0x1 ./Debug/debug.o
 *fill*         0x00000000200000a1        0x3 
 .sbss.__malloc_free_list
                0x00000000200000a4        0x4 c:/mounriver/mounriver_studio/toolchain/risc-v embedded gcc/bin/../lib/gcc/riscv-none-embed/8.2.0/../../../../riscv-none-embed/lib/rv32imacxw/ilp32\libg_nano.a(lib_a-nano-mallocr.o)
                0x00000000200000a4                __malloc_free_list
 .sbss.__malloc_sbrk_start
                0x00000000200000a8        0x4 c:/mounriver/mounriver_studio/toolchain/risc-v embedded gcc/bin/../lib/gcc/riscv-none-embed/8.2.0/../../../../riscv-none-embed/lib/rv32imacxw/ilp32\libg_nano.a(lib_a-nano-mallocr.o)
                0x00000000200000a8                __malloc_sbrk_start
 *(.gnu.linkonce.sb.*)
 *(.bss*)
 *(.gnu.linkonce.b.*)
 *(COMMON*)
 COMMON         0x00000000200000ac        0x4 c:/mounriver/mounriver_studio/toolchain/risc-v embedded gcc/bin/../lib/gcc/riscv-none-embed/8.2.0/../../../../riscv-none-embed/lib/rv32imacxw/ilp32\libg_nano.a(lib_a-reent.o)
                0x00000000200000ac                errno
                0x00000000200000b0                . = ALIGN (0x4)
                0x00000000200000b0                PROVIDE (_ebss = .)
                0x00000000200000b0                PROVIDE (_end = _ebss)
                [!provide]                        PROVIDE (end = .)

.stack          0x0000000020004800      0x800
                0x0000000020004800                PROVIDE (_heap_end = .)
                0x0000000020004800                . = ALIGN (0x4)
                [!provide]                        PROVIDE (_susrstack = .)
                0x0000000020005000                . = (. + __stack_size)
 *fill*         0x0000000020004800      0x800 
                0x0000000020005000                PROVIDE (_eusrstack = .)
OUTPUT(MSC_U-Disk.elf elf32-littleriscv)

.debug_info     0x0000000000000000     0x9784
 .debug_info    0x0000000000000000     0x174a ./User/SPI_FLASH.o
 .debug_info    0x000000000000174a     0x17d8 ./User/SW_UDISK.o
 .debug_info    0x0000000000002f22      0x962 ./User/ch32x035_it.o
 .debug_info    0x0000000000003884     0x11d7 ./User/main.o
 .debug_info    0x0000000000004a5b      0xb56 ./User/system_ch32x035.o
 .debug_info    0x00000000000055b1       0x22 ./Startup/startup_ch32x035.o
 .debug_info    0x00000000000055d3     0x11c9 ./Peripheral/src/ch32x035_gpio.o
 .debug_info    0x000000000000679c      0xd8f ./Peripheral/src/ch32x035_rcc.o
 .debug_info    0x000000000000752b     0x1333 ./Peripheral/src/ch32x035_usart.o
 .debug_info    0x000000000000885e      0xf26 ./Debug/debug.o

.debug_abbrev   0x0000000000000000     0x1b94
 .debug_abbrev  0x0000000000000000      0x3de ./User/SPI_FLASH.o
 .debug_abbrev  0x00000000000003de      0x429 ./User/SW_UDISK.o
 .debug_abbrev  0x0000000000000807      0x1cf ./User/ch32x035_it.o
 .debug_abbrev  0x00000000000009d6      0x2ef ./User/main.o
 .debug_abbrev  0x0000000000000cc5      0x258 ./User/system_ch32x035.o
 .debug_abbrev  0x0000000000000f1d       0x12 ./Startup/startup_ch32x035.o
 .debug_abbrev  0x0000000000000f2f      0x34b ./Peripheral/src/ch32x035_gpio.o
 .debug_abbrev  0x000000000000127a      0x326 ./Peripheral/src/ch32x035_rcc.o
 .debug_abbrev  0x00000000000015a0      0x312 ./Peripheral/src/ch32x035_usart.o
 .debug_abbrev  0x00000000000018b2      0x2e2 ./Debug/debug.o

.debug_loc      0x0000000000000000     0x1f49
 .debug_loc     0x0000000000000000      0x75d ./User/SPI_FLASH.o
 .debug_loc     0x000000000000075d      0x390 ./User/SW_UDISK.o
 .debug_loc     0x0000000000000aed       0x1f ./User/system_ch32x035.o
 .debug_loc     0x0000000000000b0c      0x863 ./Peripheral/src/ch32x035_gpio.o
 .debug_loc     0x000000000000136f      0x34e ./Peripheral/src/ch32x035_rcc.o
 .debug_loc     0x00000000000016bd      0x715 ./Peripheral/src/ch32x035_usart.o
 .debug_loc     0x0000000000001dd2      0x177 ./Debug/debug.o

.debug_aranges  0x0000000000000000      0x3f0
 .debug_aranges
                0x0000000000000000       0x90 ./User/SPI_FLASH.o
 .debug_aranges
                0x0000000000000090       0x68 ./User/SW_UDISK.o
 .debug_aranges
                0x00000000000000f8       0x28 ./User/ch32x035_it.o
 .debug_aranges
                0x0000000000000120       0x20 ./User/main.o
 .debug_aranges
                0x0000000000000140       0x28 ./User/system_ch32x035.o
 .debug_aranges
                0x0000000000000168       0x30 ./Startup/startup_ch32x035.o
 .debug_aranges
                0x0000000000000198       0x98 ./Peripheral/src/ch32x035_gpio.o
 .debug_aranges
                0x0000000000000230       0x80 ./Peripheral/src/ch32x035_rcc.o
 .debug_aranges
                0x00000000000002b0       0xf0 ./Peripheral/src/ch32x035_usart.o
 .debug_aranges
                0x00000000000003a0       0x50 ./Debug/debug.o

.debug_ranges   0x0000000000000000      0x3e0
 .debug_ranges  0x0000000000000000       0x98 ./User/SPI_FLASH.o
 .debug_ranges  0x0000000000000098       0xc8 ./User/SW_UDISK.o
 .debug_ranges  0x0000000000000160       0x18 ./User/ch32x035_it.o
 .debug_ranges  0x0000000000000178       0x10 ./User/main.o
 .debug_ranges  0x0000000000000188       0x18 ./User/system_ch32x035.o
 .debug_ranges  0x00000000000001a0       0x28 ./Startup/startup_ch32x035.o
 .debug_ranges  0x00000000000001c8       0x88 ./Peripheral/src/ch32x035_gpio.o
 .debug_ranges  0x0000000000000250       0x70 ./Peripheral/src/ch32x035_rcc.o
 .debug_ranges  0x00000000000002c0       0xe0 ./Peripheral/src/ch32x035_usart.o
 .debug_ranges  0x00000000000003a0       0x40 ./Debug/debug.o

.debug_line     0x0000000000000000     0x5f5f
 .debug_line    0x0000000000000000      0xdca ./User/SPI_FLASH.o
 .debug_line    0x0000000000000dca     0x15eb ./User/SW_UDISK.o
 .debug_line    0x00000000000023b5      0x23c ./User/ch32x035_it.o
 .debug_line    0x00000000000025f1      0x43d ./User/main.o
 .debug_line    0x0000000000002a2e      0x38e ./User/system_ch32x035.o
 .debug_line    0x0000000000002dbc      0x148 ./Startup/startup_ch32x035.o
 .debug_line    0x0000000000002f04     0x125f ./Peripheral/src/ch32x035_gpio.o
 .debug_line    0x0000000000004163      0x7f1 ./Peripheral/src/ch32x035_rcc.o
 .debug_line    0x0000000000004954      0xea1 ./Peripheral/src/ch32x035_usart.o
 .debug_line    0x00000000000057f5      0x76a ./Debug/debug.o

.debug_str      0x0000000000000000     0x1df2
 .debug_str     0x0000000000000000      0xbda ./User/SPI_FLASH.o
                                        0xc7c (size before relaxing)
 .debug_str     0x0000000000000bda      0x458 ./User/SW_UDISK.o
                                        0xd05 (size before relaxing)
 .debug_str     0x0000000000001032       0x34 ./User/ch32x035_it.o
                                        0x5c3 (size before relaxing)
 .debug_str     0x0000000000001066      0x34d ./User/main.o
                                        0xd3c (size before relaxing)
 .debug_str     0x00000000000013b3       0xd7 ./User/system_ch32x035.o
                                        0x6c1 (size before relaxing)
 .debug_str     0x000000000000148a       0x54 ./Startup/startup_ch32x035.o
                                         0x9d (size before relaxing)
 .debug_str     0x00000000000014de      0x25e ./Peripheral/src/ch32x035_gpio.o
                                        0x983 (size before relaxing)
 .debug_str     0x000000000000173c      0x1ee ./Peripheral/src/ch32x035_rcc.o
                                        0x887 (size before relaxing)
 .debug_str     0x000000000000192a      0x40d ./Peripheral/src/ch32x035_usart.o
                                        0xb10 (size before relaxing)
 .debug_str     0x0000000000001d37       0xbb ./Debug/debug.o
                                        0x911 (size before relaxing)

.comment        0x0000000000000000       0x33
 .comment       0x0000000000000000       0x33 ./User/SPI_FLASH.o
                                         0x34 (size before relaxing)
 .comment       0x0000000000000033       0x34 ./User/SW_UDISK.o
 .comment       0x0000000000000033       0x34 ./User/ch32x035_it.o
 .comment       0x0000000000000033       0x34 ./User/main.o
 .comment       0x0000000000000033       0x34 ./User/system_ch32x035.o
 .comment       0x0000000000000033       0x34 ./Peripheral/src/ch32x035_gpio.o
 .comment       0x0000000000000033       0x34 ./Peripheral/src/ch32x035_rcc.o
 .comment       0x0000000000000033       0x34 ./Peripheral/src/ch32x035_usart.o
 .comment       0x0000000000000033       0x34 ./Debug/debug.o

.debug_frame    0x0000000000000000     0x11b4
 .debug_frame   0x0000000000000000      0x21c ./User/SPI_FLASH.o
 .debug_frame   0x000000000000021c      0x124 ./User/SW_UDISK.o
 .debug_frame   0x0000000000000340       0x30 ./User/ch32x035_it.o
 .debug_frame   0x0000000000000370       0x28 ./User/main.o
 .debug_frame   0x0000000000000398       0x30 ./User/system_ch32x035.o
 .debug_frame   0x00000000000003c8      0x140 ./Peripheral/src/ch32x035_gpio.o
 .debug_frame   0x0000000000000508       0xfc ./Peripheral/src/ch32x035_rcc.o
 .debug_frame   0x0000000000000604      0x1e4 ./Peripheral/src/ch32x035_usart.o
 .debug_frame   0x00000000000007e8       0xb8 ./Debug/debug.o
 .debug_frame   0x00000000000008a0       0x54 c:/mounriver/mounriver_studio/toolchain/risc-v embedded gcc/bin/../lib/gcc/riscv-none-embed/8.2.0/../../../../riscv-none-embed/lib/rv32imacxw/ilp32\libg_nano.a(lib_a-printf.o)
 .debug_frame   0x00000000000008f4       0x54 c:/mounriver/mounriver_studio/toolchain/risc-v embedded gcc/bin/../lib/gcc/riscv-none-embed/8.2.0/../../../../riscv-none-embed/lib/rv32imacxw/ilp32\libg_nano.a(lib_a-puts.o)
 .debug_frame   0x0000000000000948       0x50 c:/mounriver/mounriver_studio/toolchain/risc-v embedded gcc/bin/../lib/gcc/riscv-none-embed/8.2.0/../../../../riscv-none-embed/lib/rv32imacxw/ilp32\libg_nano.a(lib_a-wbuf.o)
 .debug_frame   0x0000000000000998       0x3c c:/mounriver/mounriver_studio/toolchain/risc-v embedded gcc/bin/../lib/gcc/riscv-none-embed/8.2.0/../../../../riscv-none-embed/lib/rv32imacxw/ilp32\libg_nano.a(lib_a-wsetup.o)
 .debug_frame   0x00000000000009d4       0x7c c:/mounriver/mounriver_studio/toolchain/risc-v embedded gcc/bin/../lib/gcc/riscv-none-embed/8.2.0/../../../../riscv-none-embed/lib/rv32imacxw/ilp32\libg_nano.a(lib_a-fflush.o)
 .debug_frame   0x0000000000000a50      0x148 c:/mounriver/mounriver_studio/toolchain/risc-v embedded gcc/bin/../lib/gcc/riscv-none-embed/8.2.0/../../../../riscv-none-embed/lib/rv32imacxw/ilp32\libg_nano.a(lib_a-findfp.o)
 .debug_frame   0x0000000000000b98       0x88 c:/mounriver/mounriver_studio/toolchain/risc-v embedded gcc/bin/../lib/gcc/riscv-none-embed/8.2.0/../../../../riscv-none-embed/lib/rv32imacxw/ilp32\libg_nano.a(lib_a-fwalk.o)
 .debug_frame   0x0000000000000c20       0x64 c:/mounriver/mounriver_studio/toolchain/risc-v embedded gcc/bin/../lib/gcc/riscv-none-embed/8.2.0/../../../../riscv-none-embed/lib/rv32imacxw/ilp32\libg_nano.a(lib_a-makebuf.o)
 .debug_frame   0x0000000000000c84       0x40 c:/mounriver/mounriver_studio/toolchain/risc-v embedded gcc/bin/../lib/gcc/riscv-none-embed/8.2.0/../../../../riscv-none-embed/lib/rv32imacxw/ilp32\libg_nano.a(lib_a-nano-freer.o)
 .debug_frame   0x0000000000000cc4       0x40 c:/mounriver/mounriver_studio/toolchain/risc-v embedded gcc/bin/../lib/gcc/riscv-none-embed/8.2.0/../../../../riscv-none-embed/lib/rv32imacxw/ilp32\libg_nano.a(lib_a-nano-mallocr.o)
 .debug_frame   0x0000000000000d04       0xd0 c:/mounriver/mounriver_studio/toolchain/risc-v embedded gcc/bin/../lib/gcc/riscv-none-embed/8.2.0/../../../../riscv-none-embed/lib/rv32imacxw/ilp32\libg_nano.a(lib_a-nano-vfprintf.o)
 .debug_frame   0x0000000000000dd4       0x8c c:/mounriver/mounriver_studio/toolchain/risc-v embedded gcc/bin/../lib/gcc/riscv-none-embed/8.2.0/../../../../riscv-none-embed/lib/rv32imacxw/ilp32\libg_nano.a(lib_a-nano-vfprintf_i.o)
 .debug_frame   0x0000000000000e60       0x30 c:/mounriver/mounriver_studio/toolchain/risc-v embedded gcc/bin/../lib/gcc/riscv-none-embed/8.2.0/../../../../riscv-none-embed/lib/rv32imacxw/ilp32\libg_nano.a(lib_a-sbrkr.o)
 .debug_frame   0x0000000000000e90       0xa4 c:/mounriver/mounriver_studio/toolchain/risc-v embedded gcc/bin/../lib/gcc/riscv-none-embed/8.2.0/../../../../riscv-none-embed/lib/rv32imacxw/ilp32\libg_nano.a(lib_a-stdio.o)
 .debug_frame   0x0000000000000f34       0x30 c:/mounriver/mounriver_studio/toolchain/risc-v embedded gcc/bin/../lib/gcc/riscv-none-embed/8.2.0/../../../../riscv-none-embed/lib/rv32imacxw/ilp32\libg_nano.a(lib_a-writer.o)
 .debug_frame   0x0000000000000f64       0x30 c:/mounriver/mounriver_studio/toolchain/risc-v embedded gcc/bin/../lib/gcc/riscv-none-embed/8.2.0/../../../../riscv-none-embed/lib/rv32imacxw/ilp32\libg_nano.a(lib_a-closer.o)
 .debug_frame   0x0000000000000f94       0x30 c:/mounriver/mounriver_studio/toolchain/risc-v embedded gcc/bin/../lib/gcc/riscv-none-embed/8.2.0/../../../../riscv-none-embed/lib/rv32imacxw/ilp32\libg_nano.a(lib_a-fstatr.o)
 .debug_frame   0x0000000000000fc4       0x30 c:/mounriver/mounriver_studio/toolchain/risc-v embedded gcc/bin/../lib/gcc/riscv-none-embed/8.2.0/../../../../riscv-none-embed/lib/rv32imacxw/ilp32\libg_nano.a(lib_a-isattyr.o)
 .debug_frame   0x0000000000000ff4       0x30 c:/mounriver/mounriver_studio/toolchain/risc-v embedded gcc/bin/../lib/gcc/riscv-none-embed/8.2.0/../../../../riscv-none-embed/lib/rv32imacxw/ilp32\libg_nano.a(lib_a-lseekr.o)
 .debug_frame   0x0000000000001024       0x20 c:/mounriver/mounriver_studio/toolchain/risc-v embedded gcc/bin/../lib/gcc/riscv-none-embed/8.2.0/../../../../riscv-none-embed/lib/rv32imacxw/ilp32\libg_nano.a(lib_a-memchr.o)
 .debug_frame   0x0000000000001044       0x30 c:/mounriver/mounriver_studio/toolchain/risc-v embedded gcc/bin/../lib/gcc/riscv-none-embed/8.2.0/../../../../riscv-none-embed/lib/rv32imacxw/ilp32\libg_nano.a(lib_a-mlock.o)
 .debug_frame   0x0000000000001074       0x30 c:/mounriver/mounriver_studio/toolchain/risc-v embedded gcc/bin/../lib/gcc/riscv-none-embed/8.2.0/../../../../riscv-none-embed/lib/rv32imacxw/ilp32\libg_nano.a(lib_a-readr.o)
 .debug_frame   0x00000000000010a4       0x70 c:/mounriver/mounriver_studio/toolchain/risc-v embedded gcc/bin/../lib/gcc/riscv-none-embed/8.2.0/../../../../riscv-none-embed/lib/rv32imacxw/ilp32\libg_nano.a(lib_a-reent.o)
 .debug_frame   0x0000000000001114       0x20 c:/mounriver/mounriver_studio/toolchain/risc-v embedded gcc/bin/../lib/gcc/riscv-none-embed/8.2.0/../../../../riscv-none-embed/lib/rv32imacxw/ilp32\libnosys.a(close.o)
 .debug_frame   0x0000000000001134       0x20 c:/mounriver/mounriver_studio/toolchain/risc-v embedded gcc/bin/../lib/gcc/riscv-none-embed/8.2.0/../../../../riscv-none-embed/lib/rv32imacxw/ilp32\libnosys.a(fstat.o)
 .debug_frame   0x0000000000001154       0x20 c:/mounriver/mounriver_studio/toolchain/risc-v embedded gcc/bin/../lib/gcc/riscv-none-embed/8.2.0/../../../../riscv-none-embed/lib/rv32imacxw/ilp32\libnosys.a(isatty.o)
 .debug_frame   0x0000000000001174       0x20 c:/mounriver/mounriver_studio/toolchain/risc-v embedded gcc/bin/../lib/gcc/riscv-none-embed/8.2.0/../../../../riscv-none-embed/lib/rv32imacxw/ilp32\libnosys.a(lseek.o)
 .debug_frame   0x0000000000001194       0x20 c:/mounriver/mounriver_studio/toolchain/risc-v embedded gcc/bin/../lib/gcc/riscv-none-embed/8.2.0/../../../../riscv-none-embed/lib/rv32imacxw/ilp32\libnosys.a(read.o)

.stab           0x0000000000000000       0x84
 .stab          0x0000000000000000       0x24 c:/mounriver/mounriver_studio/toolchain/risc-v embedded gcc/bin/../lib/gcc/riscv-none-embed/8.2.0/../../../../riscv-none-embed/lib/rv32imacxw/ilp32\libnosys.a(close.o)
 .stab          0x0000000000000024       0x18 c:/mounriver/mounriver_studio/toolchain/risc-v embedded gcc/bin/../lib/gcc/riscv-none-embed/8.2.0/../../../../riscv-none-embed/lib/rv32imacxw/ilp32\libnosys.a(fstat.o)
                                         0x24 (size before relaxing)
 .stab          0x000000000000003c       0x18 c:/mounriver/mounriver_studio/toolchain/risc-v embedded gcc/bin/../lib/gcc/riscv-none-embed/8.2.0/../../../../riscv-none-embed/lib/rv32imacxw/ilp32\libnosys.a(isatty.o)
                                         0x24 (size before relaxing)
 .stab          0x0000000000000054       0x18 c:/mounriver/mounriver_studio/toolchain/risc-v embedded gcc/bin/../lib/gcc/riscv-none-embed/8.2.0/../../../../riscv-none-embed/lib/rv32imacxw/ilp32\libnosys.a(lseek.o)
                                         0x24 (size before relaxing)
 .stab          0x000000000000006c       0x18 c:/mounriver/mounriver_studio/toolchain/risc-v embedded gcc/bin/../lib/gcc/riscv-none-embed/8.2.0/../../../../riscv-none-embed/lib/rv32imacxw/ilp32\libnosys.a(read.o)
                                         0x24 (size before relaxing)

.stabstr        0x0000000000000000      0x117
 .stabstr       0x0000000000000000      0x117 c:/mounriver/mounriver_studio/toolchain/risc-v embedded gcc/bin/../lib/gcc/riscv-none-embed/8.2.0/../../../../riscv-none-embed/lib/rv32imacxw/ilp32\libnosys.a(close.o)
