Archive member included to satisfy reference by file (symbol)

c:/mounriver/mounriver_studio/toolchain/risc-v embedded gcc/bin/../lib/gcc/riscv-none-embed/8.2.0/rv32imacxw/ilp32\libgcc.a(save-restore.o)
                              ./User/SPI_FLASH.o (__riscv_save_9)
c:/mounriver/mounriver_studio/toolchain/risc-v embedded gcc/bin/../lib/gcc/riscv-none-embed/8.2.0/../../../../riscv-none-embed/lib/rv32imacxw/ilp32\libg_nano.a(lib_a-memcpy.o)
                              ./User/SW_UDISK.o (memcpy)
c:/mounriver/mounriver_studio/toolchain/risc-v embedded gcc/bin/../lib/gcc/riscv-none-embed/8.2.0/../../../../riscv-none-embed/lib/rv32imacxw/ilp32\libg_nano.a(lib_a-printf.o)
                              ./User/Internal_Flash.o (printf)
c:/mounriver/mounriver_studio/toolchain/risc-v embedded gcc/bin/../lib/gcc/riscv-none-embed/8.2.0/../../../../riscv-none-embed/lib/rv32imacxw/ilp32\libg_nano.a(lib_a-puts.o)
                              ./User/SPI_FLASH.o (puts)
c:/mounriver/mounriver_studio/toolchain/risc-v embedded gcc/bin/../lib/gcc/riscv-none-embed/8.2.0/../../../../riscv-none-embed/lib/rv32imacxw/ilp32\libg_nano.a(lib_a-wbuf.o)
                              c:/mounriver/mounriver_studio/toolchain/risc-v embedded gcc/bin/../lib/gcc/riscv-none-embed/8.2.0/../../../../riscv-none-embed/lib/rv32imacxw/ilp32\libg_nano.a(lib_a-puts.o) (__swbuf_r)
c:/mounriver/mounriver_studio/toolchain/risc-v embedded gcc/bin/../lib/gcc/riscv-none-embed/8.2.0/../../../../riscv-none-embed/lib/rv32imacxw/ilp32\libg_nano.a(lib_a-wsetup.o)
                              c:/mounriver/mounriver_studio/toolchain/risc-v embedded gcc/bin/../lib/gcc/riscv-none-embed/8.2.0/../../../../riscv-none-embed/lib/rv32imacxw/ilp32\libg_nano.a(lib_a-puts.o) (__swsetup_r)
c:/mounriver/mounriver_studio/toolchain/risc-v embedded gcc/bin/../lib/gcc/riscv-none-embed/8.2.0/../../../../riscv-none-embed/lib/rv32imacxw/ilp32\libg_nano.a(lib_a-fflush.o)
                              c:/mounriver/mounriver_studio/toolchain/risc-v embedded gcc/bin/../lib/gcc/riscv-none-embed/8.2.0/../../../../riscv-none-embed/lib/rv32imacxw/ilp32\libg_nano.a(lib_a-wbuf.o) (_fflush_r)
c:/mounriver/mounriver_studio/toolchain/risc-v embedded gcc/bin/../lib/gcc/riscv-none-embed/8.2.0/../../../../riscv-none-embed/lib/rv32imacxw/ilp32\libg_nano.a(lib_a-findfp.o)
                              c:/mounriver/mounriver_studio/toolchain/risc-v embedded gcc/bin/../lib/gcc/riscv-none-embed/8.2.0/../../../../riscv-none-embed/lib/rv32imacxw/ilp32\libg_nano.a(lib_a-printf.o) (__sinit)
c:/mounriver/mounriver_studio/toolchain/risc-v embedded gcc/bin/../lib/gcc/riscv-none-embed/8.2.0/../../../../riscv-none-embed/lib/rv32imacxw/ilp32\libg_nano.a(lib_a-fwalk.o)
                              c:/mounriver/mounriver_studio/toolchain/risc-v embedded gcc/bin/../lib/gcc/riscv-none-embed/8.2.0/../../../../riscv-none-embed/lib/rv32imacxw/ilp32\libg_nano.a(lib_a-findfp.o) (_fwalk)
c:/mounriver/mounriver_studio/toolchain/risc-v embedded gcc/bin/../lib/gcc/riscv-none-embed/8.2.0/../../../../riscv-none-embed/lib/rv32imacxw/ilp32\libg_nano.a(lib_a-impure.o)
                              c:/mounriver/mounriver_studio/toolchain/risc-v embedded gcc/bin/../lib/gcc/riscv-none-embed/8.2.0/../../../../riscv-none-embed/lib/rv32imacxw/ilp32\libg_nano.a(lib_a-fflush.o) (_global_impure_ptr)
c:/mounriver/mounriver_studio/toolchain/risc-v embedded gcc/bin/../lib/gcc/riscv-none-embed/8.2.0/../../../../riscv-none-embed/lib/rv32imacxw/ilp32\libg_nano.a(lib_a-makebuf.o)
                              c:/mounriver/mounriver_studio/toolchain/risc-v embedded gcc/bin/../lib/gcc/riscv-none-embed/8.2.0/../../../../riscv-none-embed/lib/rv32imacxw/ilp32\libg_nano.a(lib_a-wsetup.o) (__smakebuf_r)
c:/mounriver/mounriver_studio/toolchain/risc-v embedded gcc/bin/../lib/gcc/riscv-none-embed/8.2.0/../../../../riscv-none-embed/lib/rv32imacxw/ilp32\libg_nano.a(lib_a-memset.o)
                              c:/mounriver/mounriver_studio/toolchain/risc-v embedded gcc/bin/../lib/gcc/riscv-none-embed/8.2.0/../../../../riscv-none-embed/lib/rv32imacxw/ilp32\libg_nano.a(lib_a-findfp.o) (memset)
c:/mounriver/mounriver_studio/toolchain/risc-v embedded gcc/bin/../lib/gcc/riscv-none-embed/8.2.0/../../../../riscv-none-embed/lib/rv32imacxw/ilp32\libg_nano.a(lib_a-nano-freer.o)
                              c:/mounriver/mounriver_studio/toolchain/risc-v embedded gcc/bin/../lib/gcc/riscv-none-embed/8.2.0/../../../../riscv-none-embed/lib/rv32imacxw/ilp32\libg_nano.a(lib_a-wsetup.o) (_free_r)
c:/mounriver/mounriver_studio/toolchain/risc-v embedded gcc/bin/../lib/gcc/riscv-none-embed/8.2.0/../../../../riscv-none-embed/lib/rv32imacxw/ilp32\libg_nano.a(lib_a-nano-mallocr.o)
                              c:/mounriver/mounriver_studio/toolchain/risc-v embedded gcc/bin/../lib/gcc/riscv-none-embed/8.2.0/../../../../riscv-none-embed/lib/rv32imacxw/ilp32\libg_nano.a(lib_a-findfp.o) (_malloc_r)
[...]
Memory Configuration

Name             Origin             Length             Attributes
FLASH            0x0000000000000000 0x000000000000f800 xr
RAM              0x0000000020000000 0x0000000000005000 xrw
*default*        0x0000000000000000 0xffffffffffffffff

Linker script and memory map

LOAD ./User/Internal_Flash.o
LOAD ./User/SPI_FLASH.o
LOAD ./User/SW_UDISK.o
LOAD ./User/ch32x035_it.o
LOAD ./User/ch32x035_usbfs_device.o
LOAD ./User/main.o
LOAD ./User/system_ch32x035.o
LOAD ./User/usb_desc.o
LOAD ./Startup/startup_ch32x035.o
LOAD ./Peripheral/src/ch32x035_adc.o
LOAD ./Peripheral/src/ch32x035_awu.o
LOAD ./Peripheral/src/ch32x035_dbgmcu.o
LOAD ./Peripheral/src/ch32x035_dma.o
LOAD ./Peripheral/src/ch32x035_exti.o
LOAD ./Peripheral/src/ch32x035_flash.o
LOAD ./Peripheral/src/ch32x035_gpio.o
LOAD ./Peripheral/src/ch32x035_i2c.o
LOAD ./Peripheral/src/ch32x035_iwdg.o
LOAD ./Peripheral/src/ch32x035_misc.o
LOAD ./Peripheral/src/ch32x035_opa.o
LOAD ./Peripheral/src/ch32x035_pwr.o
LOAD ./Peripheral/src/ch32x035_rcc.o
LOAD ./Peripheral/src/ch32x035_spi.o
LOAD ./Peripheral/src/ch32x035_tim.o
LOAD ./Peripheral/src/ch32x035_usart.o
LOAD ./Peripheral/src/ch32x035_wwdg.o
LOAD ./Debug/debug.o
LOAD ./Core/core_riscv.o
LOAD c:/mounriver/mounriver_studio/toolchain/risc-v embedded gcc/bin/../lib/gcc/riscv-none-embed/8.2.0/rv32imacxw/ilp32\libgcc.a
LOAD c:/mounriver/mounriver_studio/toolchain/risc-v embedded gcc/bin/../lib/gcc/riscv-none-embed/8.2.0/../../../../riscv-none-embed/lib/rv32imacxw/ilp32\libg_nano.a
LOAD c:/mounriver/mounriver_studio/toolchain/risc-v embedded gcc/bin/../lib/gcc/riscv-none-embed/8.2.0/../../../../riscv-none-embed/lib/rv32imacxw/ilp32\libc_nano.a
LOAD c:/mounriver/mounriver_studio/toolchain/risc-v embedded gcc/bin/../lib/gcc/riscv-none-embed/8.2.0/rv32imacxw/ilp32\libgcc.a
START GROUP
LOAD c:/mounriver/mounriver_studio/toolchain/risc-v embedded gcc/bin/../lib/gcc/riscv-none-embed/8.2.0/rv32imacxw/ilp32\libgcc.a
LOAD c:/mounriver/mounriver_studio/toolchain/risc-v embedded gcc/bin/../lib/gcc/riscv-none-embed/8.2.0/../../../../riscv-none-embed/lib/rv32imacxw/ilp32\libc_nano.a
LOAD c:/mounriver/mounriver_studio/toolchain/risc-v embedded gcc/bin/../lib/gcc/riscv-none-embed/8.2.0/../../../../riscv-none-embed/lib/rv32imacxw/ilp32\libnosys.a
END GROUP
START GROUP
LOAD c:/mounriver/mounriver_studio/toolchain/risc-v embedded gcc/bin/../lib/gcc/riscv-none-embed/8.2.0/rv32imacxw/ilp32\libgcc.a
LOAD c:/mounriver/mounriver_studio/toolchain/risc-v embedded gcc/bin/../lib/gcc/riscv-none-embed/8.2.0/../../../../riscv-none-embed/lib/rv32imacxw/ilp32\libc_nano.a
LOAD c:/mounriver/mounriver_studio/toolchain/risc-v embedded gcc/bin/../lib/gcc/riscv-none-embed/8.2.0/../../../../riscv-none-embed/lib/rv32imacxw/ilp32\libnosys.a
END GROUP
                0x0000000000000800                __stack_size = 0x800
                [!provide]                        PROVIDE (_stack_size = __stack_size)

.init           0x0000000000000000        0x4
                0x0000000000000000                _sinit = .
                0x0000000000000000                . = ALIGN (0x4)
 *(SORT_NONE(.init))
 .init          0x0000000000000000        0x4 ./Startup/startup_ch32x035.o
                0x0000000000000000                _start
                0x0000000000000004                . = ALIGN (0x4)
                0x0000000000000004                _einit = .

.vector         0x0000000000000004       0xfc
 *(.vector)
 .vector        0x0000000000000004       0xdc ./Startup/startup_ch32x035.o
                0x0000000000000100                . = ALIGN (0x40)
 *fill*         0x00000000000000e0       0x20 

.text           0x0000000000000100     0x2be4
                0x0000000000000100                . = ALIGN (0x4)
 *(.text)
 .text          0x0000000000000100       0x60 c:/mounriver/mounriver_studio/toolchain/risc-v embedded gcc/bin/../lib/gcc/riscv-none-embed/8.2.0/rv32imacxw/ilp32\libgcc.a(save-restore.o)
                0x0000000000000100                __riscv_save_12
                0x0000000000000108                __riscv_save_9
                0x0000000000000108                __riscv_save_11
                0x0000000000000108                __riscv_save_10
                0x0000000000000108                __riscv_save_8
                0x0000000000000116                __riscv_save_4
                0x0000000000000116                __riscv_save_6
                0x0000000000000116                __riscv_save_5
                0x0000000000000116                __riscv_save_7
                0x0000000000000130                __riscv_save_3
                0x0000000000000130                __riscv_save_2
                0x0000000000000130                __riscv_save_1
                0x0000000000000130                __riscv_save_0
                0x000000000000013c                __riscv_restore_12
                0x0000000000000140                __riscv_restore_11
                0x0000000000000140                __riscv_restore_9
                0x0000000000000140                __riscv_restore_10
                0x0000000000000140                __riscv_restore_8
                0x000000000000014a                __riscv_restore_5
                0x000000000000014a                __riscv_restore_7
                0x000000000000014a                __riscv_restore_6
                0x000000000000014a                __riscv_restore_4
                0x0000000000000154                __riscv_restore_3
                0x0000000000000154                __riscv_restore_0
                0x0000000000000154                __riscv_restore_2
                0x0000000000000154                __riscv_restore_1
 .text          0x0000000000000160       0xa8 c:/mounriver/mounriver_studio/toolchain/risc-v embedded gcc/bin/../lib/gcc/riscv-none-embed/8.2.0/../../../../riscv-none-embed/lib/rv32imacxw/ilp32\libg_nano.a(lib_a-memset.o)
                0x0000000000000160                memset
 *(.text.*)
 .text.IFlash_Prog_512
                0x0000000000000208       0x78 ./User/Internal_Flash.o
                0x0000000000000208                IFlash_Prog_512
 .text.UDISK_CMD_Deal_Fail
                0x0000000000000280       0x46 ./User/SW_UDISK.o
                0x0000000000000280                UDISK_CMD_Deal_Fail
 .text.CMD_RD_WR_Deal_Pre
                0x00000000000002c6       0x54 ./User/SW_UDISK.o
                0x00000000000002c6                CMD_RD_WR_Deal_Pre
 .text.UDISK_SCSI_CMD_Deal
                0x000000000000031a      0x34a ./User/SW_UDISK.o
                0x000000000000031a                UDISK_SCSI_CMD_Deal
 .text.UDISK_Bulk_UpData
                0x0000000000000664       0x4a ./User/SW_UDISK.o
                0x0000000000000664                UDISK_Bulk_UpData
 .text.UDISK_Up_CSW
                0x00000000000006ae       0x42 ./User/SW_UDISK.o
                0x00000000000006ae                UDISK_Up_CSW
 .text.UDISK_Up_OnePack
                0x00000000000006f0       0x80 ./User/SW_UDISK.o
                0x00000000000006f0                UDISK_Up_OnePack
 .text.UDISK_In_EP_Deal
                0x0000000000000770       0x2c ./User/SW_UDISK.o
                0x0000000000000770                UDISK_In_EP_Deal
 .text.UDISK_Down_OnePack
                0x000000000000079c       0x9a ./User/SW_UDISK.o
                0x000000000000079c                UDISK_Down_OnePack
 .text.UDISK_Out_EP_Deal
                0x0000000000000836       0x68 ./User/SW_UDISK.o
                0x0000000000000836                UDISK_Out_EP_Deal
 .text.NMI_Handler
                0x000000000000089e        0x4 ./User/ch32x035_it.o
                0x000000000000089e                NMI_Handler
 .text.HardFault_Handler
                0x00000000000008a2        0x2 ./User/ch32x035_it.o
                0x00000000000008a2                HardFault_Handler
 .text.USBFS_RCC_Init
                0x00000000000008a4       0x18 ./User/ch32x035_usbfs_device.o
                0x00000000000008a4                USBFS_RCC_Init
 .text.USBFS_Device_Endp_Init
                0x00000000000008bc       0x58 ./User/ch32x035_usbfs_device.o
                0x00000000000008bc                USBFS_Device_Endp_Init
 .text.GPIO_USB_INIT
                0x0000000000000914       0x42 ./User/ch32x035_usbfs_device.o
                0x0000000000000914                GPIO_USB_INIT
 .text.USBFS_Device_Init
                0x0000000000000956       0x7c ./User/ch32x035_usbfs_device.o
                0x0000000000000956                USBFS_Device_Init
 .text.USBFSD_UEP_BUF
                0x00000000000009d2       0x3c ./User/ch32x035_usbfs_device.o
                0x00000000000009d2                USBFSD_UEP_BUF
 .text.USBFS_Endpoint_Mode_Get
                0x0000000000000a0e       0x48 ./User/ch32x035_usbfs_device.o
                0x0000000000000a0e                USBFS_Endpoint_Mode_Get
 .text.USBFSD_UEP_DMA_Set
                0x0000000000000a56       0x5a ./User/ch32x035_usbfs_device.o
                0x0000000000000a56                USBFSD_UEP_DMA_Set
 .text.USBFSD_UEP_TLEN_Set
                0x0000000000000ab0       0x46 ./User/ch32x035_usbfs_device.o
                0x0000000000000ab0                USBFSD_UEP_TLEN_Set
 .text.USBFSD_UEP_CTRL_Set
                0x0000000000000af6       0x46 ./User/ch32x035_usbfs_device.o
                0x0000000000000af6                USBFSD_UEP_CTRL_Set
 .text.USBFSD_UEP_CTRL_Get
                0x0000000000000b3c       0x4a ./User/ch32x035_usbfs_device.o
                0x0000000000000b3c                USBFSD_UEP_CTRL_Get
 .text.USBFS_Endp_DataUp
                0x0000000000000b86       0x8e ./User/ch32x035_usbfs_device.o
                0x0000000000000b86                USBFS_Endp_DataUp
 .text.USBFS_IRQHandler
                0x0000000000000c14      0x574 ./User/ch32x035_usbfs_device.o
                0x0000000000000c14                USBFS_IRQHandler
 .text.startup.main
                0x0000000000001188       0x6c ./User/main.o
                0x0000000000001188                main
 .text.SystemInit
                0x00000000000011f4       0x42 ./User/system_ch32x035.o
                0x00000000000011f4                SystemInit
 .text.vector_handler
                0x0000000000001236        0x2 ./Startup/startup_ch32x035.o
                0x0000000000001236                TIM1_CC_IRQHandler
                0x0000000000001236                TIM2_UP_IRQHandler
                0x0000000000001236                USBPD_IRQHandler
                0x0000000000001236                SysTick_Handler
                0x0000000000001236                PVD_IRQHandler
                0x0000000000001236                EXTI25_16_IRQHandler
                0x0000000000001236                Break_Point_Handler
                0x0000000000001236                TIM2_TRG_COM_IRQHandler
                0x0000000000001236                TIM2_CC_IRQHandler
                0x0000000000001236                SPI1_IRQHandler
                0x0000000000001236                AWU_IRQHandler
                0x0000000000001236                EXTI7_0_IRQHandler
                0x0000000000001236                Ecall_M_Mode_Handler
                0x0000000000001236                DMA1_Channel4_IRQHandler
                0x0000000000001236                ADC1_IRQHandler
                0x0000000000001236                TIM2_BRK_IRQHandler
                0x0000000000001236                USART3_IRQHandler
                0x0000000000001236                DMA1_Channel7_IRQHandler
                0x0000000000001236                USBPDWakeUp_IRQHandler
                0x0000000000001236                EXTI15_8_IRQHandler
                0x0000000000001236                I2C1_EV_IRQHandler
                0x0000000000001236                USART4_IRQHandler
                0x0000000000001236                DMA1_Channel6_IRQHandler
                0x0000000000001236                TIM3_IRQHandler
                0x0000000000001236                TIM1_TRG_COM_IRQHandler
                0x0000000000001236                DMA1_Channel1_IRQHandler
                0x0000000000001236                DMA1_Channel8_IRQHandler
                0x0000000000001236                PIOC_IRQHandler
                0x0000000000001236                DMA1_Channel5_IRQHandler
                0x0000000000001236                DMA1_Channel3_IRQHandler
                0x0000000000001236                TIM1_UP_IRQHandler
                0x0000000000001236                WWDG_IRQHandler
                0x0000000000001236                Ecall_U_Mode_Handler
                0x0000000000001236                SW_Handler
                0x0000000000001236                TIM1_BRK_IRQHandler
                0x0000000000001236                OPA_IRQHandler
                0x0000000000001236                USART2_IRQHandler
                0x0000000000001236                DMA1_Channel2_IRQHandler
                0x0000000000001236                FLASH_IRQHandler
                0x0000000000001236                USBFSWakeUp_IRQHandler
                0x0000000000001236                USART1_IRQHandler
                0x0000000000001236                I2C1_ER_IRQHandler
 .text.handle_reset
                0x0000000000001238       0x86 ./Startup/startup_ch32x035.o
                0x0000000000001238                handle_reset
 .text.FLASH_Unlock_Fast
                0x00000000000012be       0x1e ./Peripheral/src/ch32x035_flash.o
                0x00000000000012be                FLASH_Unlock_Fast
 .text.FLASH_Lock_Fast
                0x00000000000012dc        0xe ./Peripheral/src/ch32x035_flash.o
                0x00000000000012dc                FLASH_Lock_Fast
 .text.FLASH_ErasePage_Fast
                0x00000000000012ea       0x36 ./Peripheral/src/ch32x035_flash.o
                0x00000000000012ea                FLASH_ErasePage_Fast
 .text.FLASH_ROM_WRITE
                0x0000000000001320       0xf8 ./Peripheral/src/ch32x035_flash.o
                0x0000000000001320                FLASH_ROM_WRITE
 .text.GPIO_Init
                0x0000000000001418      0x16e ./Peripheral/src/ch32x035_gpio.o
                0x0000000000001418                GPIO_Init
 .text.RCC_GetClocksFreq
                0x0000000000001586       0x3e ./Peripheral/src/ch32x035_rcc.o
                0x0000000000001586                RCC_GetClocksFreq
 .text.RCC_AHBPeriphClockCmd
                0x00000000000015c4       0x1e ./Peripheral/src/ch32x035_rcc.o
                0x00000000000015c4                RCC_AHBPeriphClockCmd
 .text.RCC_APB2PeriphClockCmd
                0x00000000000015e2       0x1e ./Peripheral/src/ch32x035_rcc.o
                0x00000000000015e2                RCC_APB2PeriphClockCmd
 .text.USART_Init
                0x0000000000001600       0x8e ./Peripheral/src/ch32x035_usart.o
                0x0000000000001600                USART_Init
 .text.USART_Cmd
                0x000000000000168e       0x16 ./Peripheral/src/ch32x035_usart.o
                0x000000000000168e                USART_Cmd
 .text.USART_SendData
                0x00000000000016a4        0x8 ./Peripheral/src/ch32x035_usart.o
                0x00000000000016a4                USART_SendData
 .text.USART_GetFlagStatus
                0x00000000000016ac        0xa ./Peripheral/src/ch32x035_usart.o
                0x00000000000016ac                USART_GetFlagStatus
 .text.Delay_Init
                0x00000000000016b6       0x2a ./Debug/debug.o
                0x00000000000016b6                Delay_Init
 .text.Delay_Us
                0x00000000000016e0       0x36 ./Debug/debug.o
                0x00000000000016e0                Delay_Us
 .text.Delay_Ms
                0x0000000000001716       0x36 ./Debug/debug.o
                0x0000000000001716                Delay_Ms
 .text.USART_Printf_Init
                0x000000000000174c       0x52 ./Debug/debug.o
                0x000000000000174c                USART_Printf_Init
 .text._write   0x000000000000179e       0x3a ./Debug/debug.o
                0x000000000000179e                _write
 .text._sbrk    0x00000000000017d8       0x26 ./Debug/debug.o
                0x00000000000017d8                _sbrk
 .text.memcpy   0x00000000000017fe       0xb2 c:/mounriver/mounriver_studio/toolchain/risc-v embedded gcc/bin/../lib/gcc/riscv-none-embed/8.2.0/../../../../riscv-none-embed/lib/rv32imacxw/ilp32\libg_nano.a(lib_a-memcpy.o)
                0x00000000000017fe                memcpy
 .text.printf   0x00000000000018b0       0x40 c:/mounriver/mounriver_studio/toolchain/risc-v embedded gcc/bin/../lib/gcc/riscv-none-embed/8.2.0/../../../../riscv-none-embed/lib/rv32imacxw/ilp32\libg_nano.a(lib_a-printf.o)
                0x00000000000018b0                iprintf
                0x00000000000018b0                printf
 .text._puts_r  0x00000000000018f0       0xd4 c:/mounriver/mounriver_studio/toolchain/risc-v embedded gcc/bin/../lib/gcc/riscv-none-embed/8.2.0/../../../../riscv-none-embed/lib/rv32imacxw/ilp32\libg_nano.a(lib_a-puts.o)
                0x00000000000018f0                _puts_r
 .text.puts     0x00000000000019c4        0xa c:/mounriver/mounriver_studio/toolchain/risc-v embedded gcc/bin/../lib/gcc/riscv-none-embed/8.2.0/../../../../riscv-none-embed/lib/rv32imacxw/ilp32\libg_nano.a(lib_a-puts.o)
                0x00000000000019c4                puts
 .text.__swbuf_r
                0x00000000000019ce       0xbc c:/mounriver/mounriver_studio/toolchain/risc-v embedded gcc/bin/../lib/gcc/riscv-none-embed/8.2.0/../../../../riscv-none-embed/lib/rv32imacxw/ilp32\libg_nano.a(lib_a-wbuf.o)
                0x00000000000019ce                __swbuf_r
 .text.__swsetup_r
                0x0000000000001a8a       0xfc c:/mounriver/mounriver_studio/toolchain/risc-v embedded gcc/bin/../lib/gcc/riscv-none-embed/8.2.0/../../../../riscv-none-embed/lib/rv32imacxw/ilp32\libg_nano.a(lib_a-wsetup.o)
                0x0000000000001a8a                __swsetup_r
 .text.__sflush_r
                0x0000000000001b86      0x130 c:/mounriver/mounriver_studio/toolchain/risc-v embedded gcc/bin/../lib/gcc/riscv-none-embed/8.2.0/../../../../riscv-none-embed/lib/rv32imacxw/ilp32\libg_nano.a(lib_a-fflush.o)
                0x0000000000001b86                __sflush_r
 .text._fflush_r
                0x0000000000001cb6       0x64 c:/mounriver/mounriver_studio/toolchain/risc-v embedded gcc/bin/../lib/gcc/riscv-none-embed/8.2.0/../../../../riscv-none-embed/lib/rv32imacxw/ilp32\libg_nano.a(lib_a-fflush.o)
                0x0000000000001cb6                _fflush_r
 .text.std      0x0000000000001d1a       0x66 c:/mounriver/mounriver_studio/toolchain/risc-v embedded gcc/bin/../lib/gcc/riscv-none-embed/8.2.0/../../../../riscv-none-embed/lib/rv32imacxw/ilp32\libg_nano.a(lib_a-findfp.o)
 .text._cleanup_r
                0x0000000000001d80        0xa c:/mounriver/mounriver_studio/toolchain/risc-v embedded gcc/bin/../lib/gcc/riscv-none-embed/8.2.0/../../../../riscv-none-embed/lib/rv32imacxw/ilp32\libg_nano.a(lib_a-findfp.o)
                0x0000000000001d80                _cleanup_r
 .text.__sfmoreglue
                0x0000000000001d8a       0x46 c:/mounriver/mounriver_studio/toolchain/risc-v embedded gcc/bin/../lib/gcc/riscv-none-embed/8.2.0/../../../../riscv-none-embed/lib/rv32imacxw/ilp32\libg_nano.a(lib_a-findfp.o)
                0x0000000000001d8a                __sfmoreglue
 .text.__sinit  0x0000000000001dd0       0x66 c:/mounriver/mounriver_studio/toolchain/risc-v embedded gcc/bin/../lib/gcc/riscv-none-embed/8.2.0/../../../../riscv-none-embed/lib/rv32imacxw/ilp32\libg_nano.a(lib_a-findfp.o)
                0x0000000000001dd0                __sinit
 .text.__sfp    0x0000000000001e36       0x9c c:/mounriver/mounriver_studio/toolchain/risc-v embedded gcc/bin/../lib/gcc/riscv-none-embed/8.2.0/../../../../riscv-none-embed/lib/rv32imacxw/ilp32\libg_nano.a(lib_a-findfp.o)
                0x0000000000001e36                __sfp
 .text._fwalk_reent
                0x0000000000001ed2       0x6a c:/mounriver/mounriver_studio/toolchain/risc-v embedded gcc/bin/../lib/gcc/riscv-none-embed/8.2.0/../../../../riscv-none-embed/lib/rv32imacxw/ilp32\libg_nano.a(lib_a-fwalk.o)
                0x0000000000001ed2                _fwalk_reent
 .text.__swhatbuf_r
                0x0000000000001f3c       0x58 c:/mounriver/mounriver_studio/toolchain/risc-v embedded gcc/bin/../lib/gcc/riscv-none-embed/8.2.0/../../../../riscv-none-embed/lib/rv32imacxw/ilp32\libg_nano.a(lib_a-makebuf.o)
                0x0000000000001f3c                __swhatbuf_r
 .text.__smakebuf_r
                0x0000000000001f94       0x90 c:/mounriver/mounriver_studio/toolchain/risc-v embedded gcc/bin/../lib/gcc/riscv-none-embed/8.2.0/../../../../riscv-none-embed/lib/rv32imacxw/ilp32\libg_nano.a(lib_a-makebuf.o)
                0x0000000000001f94                __smakebuf_r
 .text._free_r  0x0000000000002024       0xa8 c:/mounriver/mounriver_studio/toolchain/risc-v embedded gcc/bin/../lib/gcc/riscv-none-embed/8.2.0/../../../../riscv-none-embed/lib/rv32imacxw/ilp32\libg_nano.a(lib_a-nano-freer.o)
                0x0000000000002024                _free_r
 .text._malloc_r
                0x00000000000020cc       0xd4 c:/mounriver/mounriver_studio/toolchain/risc-v embedded gcc/bin/../lib/gcc/riscv-none-embed/8.2.0/../../../../riscv-none-embed/lib/rv32imacxw/ilp32\libg_nano.a(lib_a-nano-mallocr.o)
                0x00000000000020cc                _malloc_r
 .text.__sfputc_r
                0x00000000000021a0       0x28 c:/mounriver/mounriver_studio/toolchain/risc-v embedded gcc/bin/../lib/gcc/riscv-none-embed/8.2.0/../../../../riscv-none-embed/lib/rv32imacxw/ilp32\libg_nano.a(lib_a-nano-vfprintf.o)
 .text.__sfputs_r
                0x00000000000021c8       0x40 c:/mounriver/mounriver_studio/toolchain/risc-v embedded gcc/bin/../lib/gcc/riscv-none-embed/8.2.0/../../../../riscv-none-embed/lib/rv32imacxw/ilp32\libg_nano.a(lib_a-nano-vfprintf.o)
                0x00000000000021c8                __sfputs_r
 .text._vfprintf_r
                0x0000000000002208      0x286 c:/mounriver/mounriver_studio/toolchain/risc-v embedded gcc/bin/../lib/gcc/riscv-none-embed/8.2.0/../../../../riscv-none-embed/lib/rv32imacxw/ilp32\libg_nano.a(lib_a-nano-vfprintf.o)
                0x0000000000002208                _vfprintf_r
                0x0000000000002208                _vfiprintf_r
 .text._printf_common
                0x000000000000248e      0x10c c:/mounriver/mounriver_studio/toolchain/risc-v embedded gcc/bin/../lib/gcc/riscv-none-embed/8.2.0/../../../../riscv-none-embed/lib/rv32imacxw/ilp32\libg_nano.a(lib_a-nano-vfprintf_i.o)
                0x000000000000248e                _printf_common
 .text._printf_i
                0x000000000000259a      0x2a0 c:/mounriver/mounriver_studio/toolchain/risc-v embedded gcc/bin/../lib/gcc/riscv-none-embed/8.2.0/../../../../riscv-none-embed/lib/rv32imacxw/ilp32\libg_nano.a(lib_a-nano-vfprintf_i.o)
                0x000000000000259a                _printf_i
 .text._sbrk_r  0x000000000000283a       0x2a c:/mounriver/mounriver_studio/toolchain/risc-v embedded gcc/bin/../lib/gcc/riscv-none-embed/8.2.0/../../../../riscv-none-embed/lib/rv32imacxw/ilp32\libg_nano.a(lib_a-sbrkr.o)
                0x000000000000283a                _sbrk_r
 .text.__sread  0x0000000000002864       0x2c c:/mounriver/mounriver_studio/toolchain/risc-v embedded gcc/bin/../lib/gcc/riscv-none-embed/8.2.0/../../../../riscv-none-embed/lib/rv32imacxw/ilp32\libg_nano.a(lib_a-stdio.o)
                0x0000000000002864                __sread
 .text.__swrite
                0x0000000000002890       0x48 c:/mounriver/mounriver_studio/toolchain/risc-v embedded gcc/bin/../lib/gcc/riscv-none-embed/8.2.0/../../../../riscv-none-embed/lib/rv32imacxw/ilp32\libg_nano.a(lib_a-stdio.o)
                0x0000000000002890                __swrite
 .text.__sseek  0x00000000000028d8       0x30 c:/mounriver/mounriver_studio/toolchain/risc-v embedded gcc/bin/../lib/gcc/riscv-none-embed/8.2.0/../../../../riscv-none-embed/lib/rv32imacxw/ilp32\libg_nano.a(lib_a-stdio.o)
                0x00000000000028d8                __sseek
 .text.__sclose
                0x0000000000002908        0x6 c:/mounriver/mounriver_studio/toolchain/risc-v embedded gcc/bin/../lib/gcc/riscv-none-embed/8.2.0/../../../../riscv-none-embed/lib/rv32imacxw/ilp32\libg_nano.a(lib_a-stdio.o)
                0x0000000000002908                __sclose
 .text._write_r
                0x000000000000290e       0x2e c:/mounriver/mounriver_studio/toolchain/risc-v embedded gcc/bin/../lib/gcc/riscv-none-embed/8.2.0/../../../../riscv-none-embed/lib/rv32imacxw/ilp32\libg_nano.a(lib_a-writer.o)
                0x000000000000290e                _write_r
 .text._close_r
                0x000000000000293c       0x28 c:/mounriver/mounriver_studio/toolchain/risc-v embedded gcc/bin/../lib/gcc/riscv-none-embed/8.2.0/../../../../riscv-none-embed/lib/rv32imacxw/ilp32\libg_nano.a(lib_a-closer.o)
                0x000000000000293c                _close_r
 .text._fstat_r
                0x0000000000002964       0x2a c:/mounriver/mounriver_studio/toolchain/risc-v embedded gcc/bin/../lib/gcc/riscv-none-embed/8.2.0/../../../../riscv-none-embed/lib/rv32imacxw/ilp32\libg_nano.a(lib_a-fstatr.o)
                0x0000000000002964                _fstat_r
 .text._isatty_r
                0x000000000000298e       0x28 c:/mounriver/mounriver_studio/toolchain/risc-v embedded gcc/bin/../lib/gcc/riscv-none-embed/8.2.0/../../../../riscv-none-embed/lib/rv32imacxw/ilp32\libg_nano.a(lib_a-isattyr.o)
                0x000000000000298e                _isatty_r
 .text._lseek_r
                0x00000000000029b6       0x2c c:/mounriver/mounriver_studio/toolchain/risc-v embedded gcc/bin/../lib/gcc/riscv-none-embed/8.2.0/../../../../riscv-none-embed/lib/rv32imacxw/ilp32\libg_nano.a(lib_a-lseekr.o)
                0x00000000000029b6                _lseek_r
 .text.memchr   0x00000000000029e2       0x18 c:/mounriver/mounriver_studio/toolchain/risc-v embedded gcc/bin/../lib/gcc/riscv-none-embed/8.2.0/../../../../riscv-none-embed/lib/rv32imacxw/ilp32\libg_nano.a(lib_a-memchr.o)
                0x00000000000029e2                memchr
 .text.__malloc_lock
                0x00000000000029fa        0x2 c:/mounriver/mounriver_studio/toolchain/risc-v embedded gcc/bin/../lib/gcc/riscv-none-embed/8.2.0/../../../../riscv-none-embed/lib/rv32imacxw/ilp32\libg_nano.a(lib_a-mlock.o)
                0x00000000000029fa                __malloc_lock
 .text.__malloc_unlock
                0x00000000000029fc        0x2 c:/mounriver/mounriver_studio/toolchain/risc-v embedded gcc/bin/../lib/gcc/riscv-none-embed/8.2.0/../../../../riscv-none-embed/lib/rv32imacxw/ilp32\libg_nano.a(lib_a-mlock.o)
                0x00000000000029fc                __malloc_unlock
 .text._read_r  0x00000000000029fe       0x2c c:/mounriver/mounriver_studio/toolchain/risc-v embedded gcc/bin/../lib/gcc/riscv-none-embed/8.2.0/../../../../riscv-none-embed/lib/rv32imacxw/ilp32\libg_nano.a(lib_a-readr.o)
                0x00000000000029fe                _read_r
 .text._close   0x0000000000002a2a        0xc c:/mounriver/mounriver_studio/toolchain/risc-v embedded gcc/bin/../lib/gcc/riscv-none-embed/8.2.0/../../../../riscv-none-embed/lib/rv32imacxw/ilp32\libnosys.a(close.o)
                0x0000000000002a2a                _close
 .text._fstat   0x0000000000002a36        0xc c:/mounriver/mounriver_studio/toolchain/risc-v embedded gcc/bin/../lib/gcc/riscv-none-embed/8.2.0/../../../../riscv-none-embed/lib/rv32imacxw/ilp32\libnosys.a(fstat.o)
                0x0000000000002a36                _fstat
 .text._isatty  0x0000000000002a42        0xc c:/mounriver/mounriver_studio/toolchain/risc-v embedded gcc/bin/../lib/gcc/riscv-none-embed/8.2.0/../../../../riscv-none-embed/lib/rv32imacxw/ilp32\libnosys.a(isatty.o)
                0x0000000000002a42                _isatty
 .text._lseek   0x0000000000002a4e        0xc c:/mounriver/mounriver_studio/toolchain/risc-v embedded gcc/bin/../lib/gcc/riscv-none-embed/8.2.0/../../../../riscv-none-embed/lib/rv32imacxw/ilp32\libnosys.a(lseek.o)
                0x0000000000002a4e                _lseek
 .text._read    0x0000000000002a5a        0xc c:/mounriver/mounriver_studio/toolchain/risc-v embedded gcc/bin/../lib/gcc/riscv-none-embed/8.2.0/../../../../riscv-none-embed/lib/rv32imacxw/ilp32\libnosys.a(read.o)
                0x0000000000002a5a                _read
 *(.rodata)
 *(.rodata*)
 *fill*         0x0000000000002a66        0x2 
 .rodata.IFlash_Prog_512.str1.4
                0x0000000000002a68       0x12 ./User/Internal_Flash.o
 *fill*         0x0000000000002a7a        0x2 
 .rodata.UDISK_Mode_Senese_5A
                0x0000000000002a7c       0x10 ./User/SW_UDISK.o
                0x0000000000002a7c                UDISK_Mode_Senese_5A
 .rodata.UDISK_Mode_Sense_1A
                0x0000000000002a8c        0xc ./User/SW_UDISK.o
                0x0000000000002a8c                UDISK_Mode_Sense_1A
 .rodata.UDISK_Rd_Format_Capacity
                0x0000000000002a98        0xc ./User/SW_UDISK.o
                0x0000000000002a98                UDISK_Rd_Format_Capacity
 .rodata.USBFSD_UEP_BUF
                0x0000000000002aa4       0x20 ./User/ch32x035_usbfs_device.o
 .rodata.USBFS_Endpoint_Mode_Get
                0x0000000000002ac4       0x1c ./User/ch32x035_usbfs_device.o
 .rodata.USBFSD_UEP_DMA_Set
                0x0000000000002ae0       0x20 ./User/ch32x035_usbfs_device.o
 .rodata.USBFSD_UEP_TLEN_Set
                0x0000000000002b00       0x20 ./User/ch32x035_usbfs_device.o
 .rodata.USBFSD_UEP_CTRL_Set
                0x0000000000002b20       0x20 ./User/ch32x035_usbfs_device.o
 .rodata.USBFSD_UEP_CTRL_Get
                0x0000000000002b40       0x20 ./User/ch32x035_usbfs_device.o
 .rodata.USBFS_IRQHandler
                0x0000000000002b60       0x30 ./User/ch32x035_usbfs_device.o
 .rodata.main.str1.4
                0x0000000000002b90       0x42 ./User/main.o
 *fill*         0x0000000000002bd2        0x2 
 .rodata.MyCfgDescr
                0x0000000000002bd4       0x20 ./User/usb_desc.o
                0x0000000000002bd4                MyCfgDescr
 .rodata.MyDevDescr
                0x0000000000002bf4       0x12 ./User/usb_desc.o
                0x0000000000002bf4                MyDevDescr
 *fill*         0x0000000000002c06        0x2 
 .rodata.MyManuInfo
                0x0000000000002c08        0xe ./User/usb_desc.o
                0x0000000000002c08                MyManuInfo
 *fill*         0x0000000000002c16        0x2 
 .rodata.MyProdInfo
                0x0000000000002c18       0x16 ./User/usb_desc.o
                0x0000000000002c18                MyProdInfo
 *fill*         0x0000000000002c2e        0x2 
 .rodata.MySerNumInfo
                0x0000000000002c30       0x16 ./User/usb_desc.o
                0x0000000000002c30                MySerNumInfo
 *fill*         0x0000000000002c46        0x2 
 .rodata.__sf_fake_stderr
                0x0000000000002c48       0x20 c:/mounriver/mounriver_studio/toolchain/risc-v embedded gcc/bin/../lib/gcc/riscv-none-embed/8.2.0/../../../../riscv-none-embed/lib/rv32imacxw/ilp32\libg_nano.a(lib_a-findfp.o)
                0x0000000000002c48                __sf_fake_stderr
 .rodata.__sf_fake_stdin
                0x0000000000002c68       0x20 c:/mounriver/mounriver_studio/toolchain/risc-v embedded gcc/bin/../lib/gcc/riscv-none-embed/8.2.0/../../../../riscv-none-embed/lib/rv32imacxw/ilp32\libg_nano.a(lib_a-findfp.o)
                0x0000000000002c68                __sf_fake_stdin
 .rodata.__sf_fake_stdout
                0x0000000000002c88       0x20 c:/mounriver/mounriver_studio/toolchain/risc-v embedded gcc/bin/../lib/gcc/riscv-none-embed/8.2.0/../../../../riscv-none-embed/lib/rv32imacxw/ilp32\libg_nano.a(lib_a-findfp.o)
                0x0000000000002c88                __sf_fake_stdout
 .rodata._vfprintf_r.str1.4
                0x0000000000002ca8       0x13 c:/mounriver/mounriver_studio/toolchain/risc-v embedded gcc/bin/../lib/gcc/riscv-none-embed/8.2.0/../../../../riscv-none-embed/lib/rv32imacxw/ilp32\libg_nano.a(lib_a-nano-vfprintf.o)
 *fill*         0x0000000000002cbb        0x1 
 .rodata._printf_i.str1.4
                0x0000000000002cbc       0x28 c:/mounriver/mounriver_studio/toolchain/risc-v embedded gcc/bin/../lib/gcc/riscv-none-embed/8.2.0/../../../../riscv-none-embed/lib/rv32imacxw/ilp32\libg_nano.a(lib_a-nano-vfprintf_i.o)
                                         0x25 (size before relaxing)
 *(.gnu.linkonce.t.*)
                0x0000000000002ce4                . = ALIGN (0x4)

.rela.dyn       0x0000000000002ce4        0x0
 .rela.init     0x0000000000002ce4        0x0 ./User/Internal_Flash.o
 .rela.vector   0x0000000000002ce4        0x0 ./User/Internal_Flash.o
 .rela.text.handle_reset
                0x0000000000002ce4        0x0 ./User/Internal_Flash.o
 .rela.text._sbrk
                0x0000000000002ce4        0x0 ./User/Internal_Flash.o
 .rela.sdata.curbrk.4333
                0x0000000000002ce4        0x0 ./User/Internal_Flash.o
 .rela.text._vfprintf_r
                0x0000000000002ce4        0x0 ./User/Internal_Flash.o
 .rela.text._sbrk_r
                0x0000000000002ce4        0x0 ./User/Internal_Flash.o
 .rela.text._write_r
                0x0000000000002ce4        0x0 ./User/Internal_Flash.o
 .rela.text._close_r
                0x0000000000002ce4        0x0 ./User/Internal_Flash.o
 .rela.text._fstat_r
                0x0000000000002ce4        0x0 ./User/Internal_Flash.o
 .rela.text._isatty_r
                0x0000000000002ce4        0x0 ./User/Internal_Flash.o
 .rela.text._lseek_r
                0x0000000000002ce4        0x0 ./User/Internal_Flash.o
 .rela.text._read_r
                0x0000000000002ce4        0x0 ./User/Internal_Flash.o
 .rela.text._close
                0x0000000000002ce4        0x0 ./User/Internal_Flash.o
 .rela.text._fstat
                0x0000000000002ce4        0x0 ./User/Internal_Flash.o
 .rela.text._isatty
                0x0000000000002ce4        0x0 ./User/Internal_Flash.o
 .rela.text._lseek
                0x0000000000002ce4        0x0 ./User/Internal_Flash.o
 .rela.text._read
                0x0000000000002ce4        0x0 ./User/Internal_Flash.o

.fini           0x0000000000002ce4        0x0
 *(SORT_NONE(.fini))
                0x0000000000002ce4                . = ALIGN (0x4)
                [!provide]                        PROVIDE (_etext = .)
                [!provide]                        PROVIDE (_eitcm = .)

.preinit_array  0x0000000000002ce4        0x0
                [!provide]                        PROVIDE (__preinit_array_start = .)
 *(.preinit_array)
                [!provide]                        PROVIDE (__preinit_array_end = .)

.init_array     0x0000000000002ce4        0x0
                [!provide]                        PROVIDE (__init_array_start = .)
 *(SORT_BY_INIT_PRIORITY(.init_array.*) SORT_BY_INIT_PRIORITY(.ctors.*))
 *(.init_array EXCLUDE_FILE(*crtend?.o *crtend.o *crtbegin?.o *crtbegin.o) .ctors)
                [!provide]                        PROVIDE (__init_array_end = .)

.fini_array     0x0000000000002ce4        0x0
                [!provide]                        PROVIDE (__fini_array_start = .)
 *(SORT_BY_INIT_PRIORITY(.fini_array.*) SORT_BY_INIT_PRIORITY(.dtors.*))
 *(.fini_array EXCLUDE_FILE(*crtend?.o *crtend.o *crtbegin?.o *crtbegin.o) .dtors)
                [!provide]                        PROVIDE (__fini_array_end = .)

.ctors
 *crtbegin.o(.ctors)
 *crtbegin?.o(.ctors)
 *(EXCLUDE_FILE(*crtend?.o *crtend.o) .ctors)
 *(SORT_BY_NAME(.ctors.*))
 *(.ctors)

.dtors
 *crtbegin.o(.dtors)
 *crtbegin?.o(.dtors)
 *(EXCLUDE_FILE(*crtend?.o *crtend.o) .dtors)
 *(SORT_BY_NAME(.dtors.*))
 *(.dtors)

.dalign         0x0000000020000000        0x0 load address 0x0000000000002ce4
                0x0000000020000000                . = ALIGN (0x4)
                0x0000000020000000                PROVIDE (_data_vma = .)

.dlalign        0x0000000000002ce4        0x0
                0x0000000000002ce4                . = ALIGN (0x4)
                0x0000000000002ce4                PROVIDE (_data_lma = .)

.data           0x0000000020000000       0xc8 load address 0x0000000000002ce4
 *(.gnu.linkonce.r.*)
 *(.data .data.*)
 .data.UDISK_Inquity_Tab
                0x0000000020000000       0x24 ./User/SW_UDISK.o
                0x0000000020000000                UDISK_Inquity_Tab
 .data.APBAHBPrescTable
                0x0000000020000024       0x10 ./Peripheral/src/ch32x035_rcc.o
 .data.impure_data
                0x0000000020000034       0x60 c:/mounriver/mounriver_studio/toolchain/risc-v embedded gcc/bin/../lib/gcc/riscv-none-embed/8.2.0/../../../../riscv-none-embed/lib/rv32imacxw/ilp32\libg_nano.a(lib_a-impure.o)
 *(.gnu.linkonce.d.*)
                0x0000000020000098                . = ALIGN (0x8)
 *fill*         0x0000000020000094        0x4 
                0x0000000020000898                PROVIDE (__global_pointer$ = (. + 0x800))
 *(.sdata .sdata.*)
 .sdata.UDISK_Pack_Size
                0x0000000020000098        0x2 ./User/SW_UDISK.o
                0x0000000020000098                UDISK_Pack_Size
 *fill*         0x000000002000009a        0x2 
 .sdata.SystemCoreClock
                0x000000002000009c        0x4 ./User/system_ch32x035.o
                0x000000002000009c                SystemCoreClock
 .sdata.CFGHR_tmpA
                0x00000000200000a0        0x4 ./Peripheral/src/ch32x035_gpio.o
                0x00000000200000a0                CFGHR_tmpA
 .sdata.CFGHR_tmpB
                0x00000000200000a4        0x4 ./Peripheral/src/ch32x035_gpio.o
                0x00000000200000a4                CFGHR_tmpB
 .sdata.CFGHR_tmpC
                0x00000000200000a8        0x4 ./Peripheral/src/ch32x035_gpio.o
                0x00000000200000a8                CFGHR_tmpC
 .sdata.curbrk.4333
                0x00000000200000ac        0x4 ./Debug/debug.o
 .sdata._impure_ptr
                0x00000000200000b0        0x4 c:/mounriver/mounriver_studio/toolchain/risc-v embedded gcc/bin/../lib/gcc/riscv-none-embed/8.2.0/../../../../riscv-none-embed/lib/rv32imacxw/ilp32\libg_nano.a(lib_a-impure.o)
                0x00000000200000b0                _impure_ptr
 *(.sdata2.*)
 .sdata2.UDISK_Rd_Capacity
                0x00000000200000b4        0x8 ./User/SW_UDISK.o
                0x00000000200000b4                UDISK_Rd_Capacity
 .sdata2.MyLangDescr
                0x00000000200000bc        0x4 ./User/usb_desc.o
                0x00000000200000bc                MyLangDescr
 .sdata2._global_impure_ptr
                0x00000000200000c0        0x4 c:/mounriver/mounriver_studio/toolchain/risc-v embedded gcc/bin/../lib/gcc/riscv-none-embed/8.2.0/../../../../riscv-none-embed/lib/rv32imacxw/ilp32\libg_nano.a(lib_a-impure.o)
                0x00000000200000c0                _global_impure_ptr
 *(.gnu.linkonce.s.*)
                0x00000000200000c8                . = ALIGN (0x8)
 *fill*         0x00000000200000c4        0x4 
 *(.srodata.cst16)
 *(.srodata.cst8)
 *(.srodata.cst4)
 *(.srodata.cst2)
 *(.srodata .srodata.*)
                0x00000000200000c8                . = ALIGN (0x4)
                0x00000000200000c8                PROVIDE (_edata = .)

.bss            0x00000000200000c8      0x334 load address 0x0000000000002dac
                0x00000000200000c8                . = ALIGN (0x4)
                0x00000000200000c8                PROVIDE (_sbss = .)
 *(.sbss*)
 .sbss.Flash_Sector_Count
                0x00000000200000c8        0x4 ./User/SPI_FLASH.o
                0x00000000200000c8                Flash_Sector_Count
 .sbss.Flash_Sector_Size
                0x00000000200000cc        0x2 ./User/SPI_FLASH.o
                0x00000000200000cc                Flash_Sector_Size
 *fill*         0x00000000200000ce        0x2 
 .sbss.UDISK_Cur_Sec_Lba
                0x00000000200000d0        0x4 ./User/SW_UDISK.o
                0x00000000200000d0                UDISK_Cur_Sec_Lba
 .sbss.UDISK_Sec_Pack_Count
                0x00000000200000d4        0x2 ./User/SW_UDISK.o
                0x00000000200000d4                UDISK_Sec_Pack_Count
 *fill*         0x00000000200000d6        0x2 
 .sbss.UDISK_Transfer_DataLen
                0x00000000200000d8        0x4 ./User/SW_UDISK.o
                0x00000000200000d8                UDISK_Transfer_DataLen
 .sbss.Udisk_CBW_Tag_Save
                0x00000000200000dc        0x4 ./User/SW_UDISK.o
                0x00000000200000dc                Udisk_CBW_Tag_Save
 .sbss.Udisk_CSW_Status
                0x00000000200000e0        0x1 ./User/SW_UDISK.o
                0x00000000200000e0                Udisk_CSW_Status
 *fill*         0x00000000200000e1        0x3 
 .sbss.Udisk_Capability
                0x00000000200000e4        0x4 ./User/SW_UDISK.o
                0x00000000200000e4                Udisk_Capability
 .sbss.Udisk_Sense_ASC
                0x00000000200000e8        0x1 ./User/SW_UDISK.o
                0x00000000200000e8                Udisk_Sense_ASC
 .sbss.Udisk_Sense_Key
                0x00000000200000e9        0x1 ./User/SW_UDISK.o
                0x00000000200000e9                Udisk_Sense_Key
 .sbss.Udisk_Status
                0x00000000200000ea        0x1 ./User/SW_UDISK.o
                0x00000000200000ea                Udisk_Status
 .sbss.Udisk_Transfer_Status
                0x00000000200000eb        0x1 ./User/SW_UDISK.o
                0x00000000200000eb                Udisk_Transfer_Status
 .sbss.pEndp2_Buf
                0x00000000200000ec        0x4 ./User/SW_UDISK.o
                0x00000000200000ec                pEndp2_Buf
 .sbss.USBFS_DevAddr
                0x00000000200000f0        0x1 ./User/ch32x035_usbfs_device.o
                0x00000000200000f0                USBFS_DevAddr
 .sbss.USBFS_DevConfig
                0x00000000200000f1        0x1 ./User/ch32x035_usbfs_device.o
                0x00000000200000f1                USBFS_DevConfig
 .sbss.USBFS_DevEnumStatus
                0x00000000200000f2        0x1 ./User/ch32x035_usbfs_device.o
                0x00000000200000f2                USBFS_DevEnumStatus
 .sbss.USBFS_DevSleepStatus
                0x00000000200000f3        0x1 ./User/ch32x035_usbfs_device.o
                0x00000000200000f3                USBFS_DevSleepStatus
 .sbss.USBFS_Endp_Busy
                0x00000000200000f4        0x8 ./User/ch32x035_usbfs_device.o
                0x00000000200000f4                USBFS_Endp_Busy
 .sbss.USBFS_SetupReqCode
                0x00000000200000fc        0x1 ./User/ch32x035_usbfs_device.o
                0x00000000200000fc                USBFS_SetupReqCode
 *fill*         0x00000000200000fd        0x1 
 .sbss.USBFS_SetupReqIndex
                0x00000000200000fe        0x2 ./User/ch32x035_usbfs_device.o
                0x00000000200000fe                USBFS_SetupReqIndex
 .sbss.USBFS_SetupReqLen
                0x0000000020000100        0x2 ./User/ch32x035_usbfs_device.o
                0x0000000020000100                USBFS_SetupReqLen
 .sbss.USBFS_SetupReqType
                0x0000000020000102        0x1 ./User/ch32x035_usbfs_device.o
                0x0000000020000102                USBFS_SetupReqType
 *fill*         0x0000000020000103        0x1 
 .sbss.USBFS_SetupReqValue
                0x0000000020000104        0x2 ./User/ch32x035_usbfs_device.o
                0x0000000020000104                USBFS_SetupReqValue
 *fill*         0x0000000020000106        0x2 
 .sbss.pUSBFS_Descr
                0x0000000020000108        0x4 ./User/ch32x035_usbfs_device.o
                0x0000000020000108                pUSBFS_Descr
 .sbss.p_ms     0x000000002000010c        0x2 ./Debug/debug.o
 .sbss.p_us     0x000000002000010e        0x1 ./Debug/debug.o
 *fill*         0x000000002000010f        0x1 
 .sbss.__malloc_free_list
                0x0000000020000110        0x4 c:/mounriver/mounriver_studio/toolchain/risc-v embedded gcc/bin/../lib/gcc/riscv-none-embed/8.2.0/../../../../riscv-none-embed/lib/rv32imacxw/ilp32\libg_nano.a(lib_a-nano-mallocr.o)
                0x0000000020000110                __malloc_free_list
 .sbss.__malloc_sbrk_start
                0x0000000020000114        0x4 c:/mounriver/mounriver_studio/toolchain/risc-v embedded gcc/bin/../lib/gcc/riscv-none-embed/8.2.0/../../../../riscv-none-embed/lib/rv32imacxw/ilp32\libg_nano.a(lib_a-nano-mallocr.o)
                0x0000000020000114                __malloc_sbrk_start
 *(.gnu.linkonce.sb.*)
 *(.bss*)
 .bss.UDisk_Down_Buffer
                0x0000000020000118      0x200 ./User/SW_UDISK.o
                0x0000000020000118                UDisk_Down_Buffer
 .bss.mBOC      0x0000000020000318       0x1f ./User/SW_UDISK.o
                0x0000000020000318                mBOC
 *fill*         0x0000000020000337        0x1 
 .bss.UDisk_In_Buf
                0x0000000020000338       0x40 ./User/ch32x035_usbfs_device.o
                0x0000000020000338                UDisk_In_Buf
 .bss.UDisk_Out_Buf
                0x0000000020000378       0x40 ./User/ch32x035_usbfs_device.o
                0x0000000020000378                UDisk_Out_Buf
 .bss.USBFS_EP0_4Buf
                0x00000000200003b8       0x40 ./User/ch32x035_usbfs_device.o
                0x00000000200003b8                USBFS_EP0_4Buf
 *(.gnu.linkonce.b.*)
 *(COMMON*)
 COMMON         0x00000000200003f8        0x4 c:/mounriver/mounriver_studio/toolchain/risc-v embedded gcc/bin/../lib/gcc/riscv-none-embed/8.2.0/../../../../riscv-none-embed/lib/rv32imacxw/ilp32\libg_nano.a(lib_a-reent.o)
                0x00000000200003f8                errno
                0x00000000200003fc                . = ALIGN (0x4)
                0x00000000200003fc                PROVIDE (_ebss = .)
                0x00000000200003fc                PROVIDE (_end = _ebss)
                [!provide]                        PROVIDE (end = .)

.stack          0x0000000020004800      0x800
                0x0000000020004800                PROVIDE (_heap_end = .)
                0x0000000020004800                . = ALIGN (0x4)
                [!provide]                        PROVIDE (_susrstack = .)
                0x0000000020005000                . = (. + __stack_size)
 *fill*         0x0000000020004800      0x800 
                0x0000000020005000                PROVIDE (_eusrstack = .)
OUTPUT(MSC_U-Disk.elf elf32-littleriscv)

.debug_info     0x0000000000000000     0xdd03
 .debug_info    0x0000000000000000      0xa84 ./User/Internal_Flash.o
 .debug_info    0x0000000000000a84     0x174a ./User/SPI_FLASH.o
 .debug_info    0x00000000000021ce     0x17b1 ./User/SW_UDISK.o
 .debug_info    0x000000000000397f      0x962 ./User/ch32x035_it.o
 .debug_info    0x00000000000042e1     0x1d2f ./User/ch32x035_usbfs_device.o
 .debug_info    0x0000000000006010     0x11d0 ./User/main.o
 .debug_info    0x00000000000071e0      0xb56 ./User/system_ch32x035.o
 .debug_info    0x0000000000007d36      0x9ff ./User/usb_desc.o
 .debug_info    0x0000000000008735       0x22 ./Startup/startup_ch32x035.o
 .debug_info    0x0000000000008757     0x13fb ./Peripheral/src/ch32x035_flash.o
 .debug_info    0x0000000000009b52     0x11c9 ./Peripheral/src/ch32x035_gpio.o
 .debug_info    0x000000000000ad1b      0xd8f ./Peripheral/src/ch32x035_rcc.o
 .debug_info    0x000000000000baaa     0x1333 ./Peripheral/src/ch32x035_usart.o
 .debug_info    0x000000000000cddd      0xf26 ./Debug/debug.o

.debug_abbrev   0x0000000000000000     0x2860
 .debug_abbrev  0x0000000000000000      0x239 ./User/Internal_Flash.o
 .debug_abbrev  0x0000000000000239      0x3de ./User/SPI_FLASH.o
 .debug_abbrev  0x0000000000000617      0x429 ./User/SW_UDISK.o
 .debug_abbrev  0x0000000000000a40      0x1cf ./User/ch32x035_it.o
 .debug_abbrev  0x0000000000000c0f      0x457 ./User/ch32x035_usbfs_device.o
 .debug_abbrev  0x0000000000001066      0x2ef ./User/main.o
 .debug_abbrev  0x0000000000001355      0x258 ./User/system_ch32x035.o
 .debug_abbrev  0x00000000000015ad      0x1c5 ./User/usb_desc.o
 .debug_abbrev  0x0000000000001772       0x12 ./Startup/startup_ch32x035.o
 .debug_abbrev  0x0000000000001784      0x477 ./Peripheral/src/ch32x035_flash.o
 .debug_abbrev  0x0000000000001bfb      0x34b ./Peripheral/src/ch32x035_gpio.o
 .debug_abbrev  0x0000000000001f46      0x326 ./Peripheral/src/ch32x035_rcc.o
 .debug_abbrev  0x000000000000226c      0x312 ./Peripheral/src/ch32x035_usart.o
 .debug_abbrev  0x000000000000257e      0x2e2 ./Debug/debug.o

.debug_loc      0x0000000000000000     0x2fd5
 .debug_loc     0x0000000000000000       0xa0 ./User/Internal_Flash.o
 .debug_loc     0x00000000000000a0      0x75d ./User/SPI_FLASH.o
 .debug_loc     0x00000000000007fd      0x375 ./User/SW_UDISK.o
 .debug_loc     0x0000000000000b72      0x505 ./User/ch32x035_usbfs_device.o
 .debug_loc     0x0000000000001077       0x1f ./User/system_ch32x035.o
 .debug_loc     0x0000000000001096      0xb02 ./Peripheral/src/ch32x035_flash.o
 .debug_loc     0x0000000000001b98      0x863 ./Peripheral/src/ch32x035_gpio.o
 .debug_loc     0x00000000000023fb      0x34e ./Peripheral/src/ch32x035_rcc.o
 .debug_loc     0x0000000000002749      0x715 ./Peripheral/src/ch32x035_usart.o
 .debug_loc     0x0000000000002e5e      0x177 ./Debug/debug.o

.debug_aranges  0x0000000000000000      0x5b0
 .debug_aranges
                0x0000000000000000       0x20 ./User/Internal_Flash.o
 .debug_aranges
                0x0000000000000020       0x90 ./User/SPI_FLASH.o
 .debug_aranges
                0x00000000000000b0       0x68 ./User/SW_UDISK.o
 .debug_aranges
                0x0000000000000118       0x28 ./User/ch32x035_it.o
 .debug_aranges
                0x0000000000000140       0x80 ./User/ch32x035_usbfs_device.o
 .debug_aranges
                0x00000000000001c0       0x20 ./User/main.o
 .debug_aranges
                0x00000000000001e0       0x28 ./User/system_ch32x035.o
 .debug_aranges
                0x0000000000000208       0x18 ./User/usb_desc.o
 .debug_aranges
                0x0000000000000220       0x30 ./Startup/startup_ch32x035.o
 .debug_aranges
                0x0000000000000250      0x108 ./Peripheral/src/ch32x035_flash.o
 .debug_aranges
                0x0000000000000358       0x98 ./Peripheral/src/ch32x035_gpio.o
 .debug_aranges
                0x00000000000003f0       0x80 ./Peripheral/src/ch32x035_rcc.o
 .debug_aranges
                0x0000000000000470       0xf0 ./Peripheral/src/ch32x035_usart.o
 .debug_aranges
                0x0000000000000560       0x50 ./Debug/debug.o

.debug_ranges   0x0000000000000000      0x5a0
 .debug_ranges  0x0000000000000000       0x10 ./User/Internal_Flash.o
 .debug_ranges  0x0000000000000010       0x98 ./User/SPI_FLASH.o
 .debug_ranges  0x00000000000000a8       0xc8 ./User/SW_UDISK.o
 .debug_ranges  0x0000000000000170       0x18 ./User/ch32x035_it.o
 .debug_ranges  0x0000000000000188       0xb8 ./User/ch32x035_usbfs_device.o
 .debug_ranges  0x0000000000000240       0x10 ./User/main.o
 .debug_ranges  0x0000000000000250       0x18 ./User/system_ch32x035.o
 .debug_ranges  0x0000000000000268       0x28 ./Startup/startup_ch32x035.o
 .debug_ranges  0x0000000000000290       0xf8 ./Peripheral/src/ch32x035_flash.o
 .debug_ranges  0x0000000000000388       0x88 ./Peripheral/src/ch32x035_gpio.o
 .debug_ranges  0x0000000000000410       0x70 ./Peripheral/src/ch32x035_rcc.o
 .debug_ranges  0x0000000000000480       0xe0 ./Peripheral/src/ch32x035_usart.o
 .debug_ranges  0x0000000000000560       0x40 ./Debug/debug.o

.debug_line     0x0000000000000000     0x9d3f
 .debug_line    0x0000000000000000      0x3c4 ./User/Internal_Flash.o
 .debug_line    0x00000000000003c4      0xdca ./User/SPI_FLASH.o
 .debug_line    0x000000000000118e     0x15f3 ./User/SW_UDISK.o
 .debug_line    0x0000000000002781      0x23c ./User/ch32x035_it.o
 .debug_line    0x00000000000029bd     0x1be1 ./User/ch32x035_usbfs_device.o
 .debug_line    0x000000000000459e      0x44f ./User/main.o
 .debug_line    0x00000000000049ed      0x38e ./User/system_ch32x035.o
 .debug_line    0x0000000000004d7b      0x207 ./User/usb_desc.o
 .debug_line    0x0000000000004f82      0x148 ./Startup/startup_ch32x035.o
 .debug_line    0x00000000000050ca     0x1c1a ./Peripheral/src/ch32x035_flash.o
 .debug_line    0x0000000000006ce4     0x125f ./Peripheral/src/ch32x035_gpio.o
 .debug_line    0x0000000000007f43      0x7f1 ./Peripheral/src/ch32x035_rcc.o
 .debug_line    0x0000000000008734      0xea1 ./Peripheral/src/ch32x035_usart.o
 .debug_line    0x00000000000095d5      0x76a ./Debug/debug.o

.debug_str      0x0000000000000000     0x240b
 .debug_str     0x0000000000000000      0x5c5 ./User/Internal_Flash.o
                                        0x62e (size before relaxing)
 .debug_str     0x00000000000005c5      0x698 ./User/SPI_FLASH.o
                                        0xc7c (size before relaxing)
 .debug_str     0x0000000000000c5d      0x41e ./User/SW_UDISK.o
                                        0xcdb (size before relaxing)
 .debug_str     0x000000000000107b       0x34 ./User/ch32x035_it.o
                                        0x5c3 (size before relaxing)
 .debug_str     0x00000000000010af      0x518 ./User/ch32x035_usbfs_device.o
                                       0x120a (size before relaxing)
 .debug_str     0x00000000000015c7       0x31 ./User/main.o
                                        0xd29 (size before relaxing)
 .debug_str     0x00000000000015f8       0xd7 ./User/system_ch32x035.o
                                        0x6c1 (size before relaxing)
 .debug_str     0x00000000000016cf       0x13 ./User/usb_desc.o
                                        0x5f9 (size before relaxing)
 .debug_str     0x00000000000016e2       0x54 ./Startup/startup_ch32x035.o
                                         0x9d (size before relaxing)
 .debug_str     0x0000000000001736      0x424 ./Peripheral/src/ch32x035_flash.o
                                        0xabb (size before relaxing)
 .debug_str     0x0000000000001b5a      0x21a ./Peripheral/src/ch32x035_gpio.o
                                        0x983 (size before relaxing)
 .debug_str     0x0000000000001d74      0x1d8 ./Peripheral/src/ch32x035_rcc.o
                                        0x887 (size before relaxing)
 .debug_str     0x0000000000001f4c      0x40d ./Peripheral/src/ch32x035_usart.o
                                        0xb10 (size before relaxing)
 .debug_str     0x0000000000002359       0xb2 ./Debug/debug.o
                                        0x911 (size before relaxing)

.comment        0x0000000000000000       0x33
 .comment       0x0000000000000000       0x33 ./User/Internal_Flash.o
                                         0x34 (size before relaxing)
 .comment       0x0000000000000033       0x34 ./User/SPI_FLASH.o
 .comment       0x0000000000000033       0x34 ./User/SW_UDISK.o
 .comment       0x0000000000000033       0x34 ./User/ch32x035_it.o
 .comment       0x0000000000000033       0x34 ./User/ch32x035_usbfs_device.o
 .comment       0x0000000000000033       0x34 ./User/main.o
 .comment       0x0000000000000033       0x34 ./User/system_ch32x035.o
 .comment       0x0000000000000033       0x34 ./User/usb_desc.o
 .comment       0x0000000000000033       0x34 ./Peripheral/src/ch32x035_flash.o
 .comment       0x0000000000000033       0x34 ./Peripheral/src/ch32x035_gpio.o
 .comment       0x0000000000000033       0x34 ./Peripheral/src/ch32x035_rcc.o
 .comment       0x0000000000000033       0x34 ./Peripheral/src/ch32x035_usart.o
 .comment       0x0000000000000033       0x34 ./Debug/debug.o

.debug_frame    0x0000000000000000     0x1654
 .debug_frame   0x0000000000000000       0x34 ./User/Internal_Flash.o
 .debug_frame   0x0000000000000034      0x21c ./User/SPI_FLASH.o
 .debug_frame   0x0000000000000250      0x124 ./User/SW_UDISK.o
 .debug_frame   0x0000000000000374       0x30 ./User/ch32x035_it.o
 .debug_frame   0x00000000000003a4      0x164 ./User/ch32x035_usbfs_device.o
 .debug_frame   0x0000000000000508       0x28 ./User/main.o
 .debug_frame   0x0000000000000530       0x30 ./User/system_ch32x035.o
 .debug_frame   0x0000000000000560      0x2e8 ./Peripheral/src/ch32x035_flash.o
 .debug_frame   0x0000000000000848      0x140 ./Peripheral/src/ch32x035_gpio.o
 .debug_frame   0x0000000000000988       0xfc ./Peripheral/src/ch32x035_rcc.o
 .debug_frame   0x0000000000000a84      0x1e4 ./Peripheral/src/ch32x035_usart.o
 .debug_frame   0x0000000000000c68       0xb8 ./Debug/debug.o
 .debug_frame   0x0000000000000d20       0x20 c:/mounriver/mounriver_studio/toolchain/risc-v embedded gcc/bin/../lib/gcc/riscv-none-embed/8.2.0/../../../../riscv-none-embed/lib/rv32imacxw/ilp32\libg_nano.a(lib_a-memcpy.o)
 .debug_frame   0x0000000000000d40       0x54 c:/mounriver/mounriver_studio/toolchain/risc-v embedded gcc/bin/../lib/gcc/riscv-none-embed/8.2.0/../../../../riscv-none-embed/lib/rv32imacxw/ilp32\libg_nano.a(lib_a-printf.o)
 .debug_frame   0x0000000000000d94       0x54 c:/mounriver/mounriver_studio/toolchain/risc-v embedded gcc/bin/../lib/gcc/riscv-none-embed/8.2.0/../../../../riscv-none-embed/lib/rv32imacxw/ilp32\libg_nano.a(lib_a-puts.o)
 .debug_frame   0x0000000000000de8       0x50 c:/mounriver/mounriver_studio/toolchain/risc-v embedded gcc/bin/../lib/gcc/riscv-none-embed/8.2.0/../../../../riscv-none-embed/lib/rv32imacxw/ilp32\libg_nano.a(lib_a-wbuf.o)
 .debug_frame   0x0000000000000e38       0x3c c:/mounriver/mounriver_studio/toolchain/risc-v embedded gcc/bin/../lib/gcc/riscv-none-embed/8.2.0/../../../../riscv-none-embed/lib/rv32imacxw/ilp32\libg_nano.a(lib_a-wsetup.o)
 .debug_frame   0x0000000000000e74       0x7c c:/mounriver/mounriver_studio/toolchain/risc-v embedded gcc/bin/../lib/gcc/riscv-none-embed/8.2.0/../../../../riscv-none-embed/lib/rv32imacxw/ilp32\libg_nano.a(lib_a-fflush.o)
 .debug_frame   0x0000000000000ef0      0x148 c:/mounriver/mounriver_studio/toolchain/risc-v embedded gcc/bin/../lib/gcc/riscv-none-embed/8.2.0/../../../../riscv-none-embed/lib/rv32imacxw/ilp32\libg_nano.a(lib_a-findfp.o)
 .debug_frame   0x0000000000001038       0x88 c:/mounriver/mounriver_studio/toolchain/risc-v embedded gcc/bin/../lib/gcc/riscv-none-embed/8.2.0/../../../../riscv-none-embed/lib/rv32imacxw/ilp32\libg_nano.a(lib_a-fwalk.o)
 .debug_frame   0x00000000000010c0       0x64 c:/mounriver/mounriver_studio/toolchain/risc-v embedded gcc/bin/../lib/gcc/riscv-none-embed/8.2.0/../../../../riscv-none-embed/lib/rv32imacxw/ilp32\libg_nano.a(lib_a-makebuf.o)
 .debug_frame   0x0000000000001124       0x40 c:/mounriver/mounriver_studio/toolchain/risc-v embedded gcc/bin/../lib/gcc/riscv-none-embed/8.2.0/../../../../riscv-none-embed/lib/rv32imacxw/ilp32\libg_nano.a(lib_a-nano-freer.o)
 .debug_frame   0x0000000000001164       0x40 c:/mounriver/mounriver_studio/toolchain/risc-v embedded gcc/bin/../lib/gcc/riscv-none-embed/8.2.0/../../../../riscv-none-embed/lib/rv32imacxw/ilp32\libg_nano.a(lib_a-nano-mallocr.o)
 .debug_frame   0x00000000000011a4       0xd0 c:/mounriver/mounriver_studio/toolchain/risc-v embedded gcc/bin/../lib/gcc/riscv-none-embed/8.2.0/../../../../riscv-none-embed/lib/rv32imacxw/ilp32\libg_nano.a(lib_a-nano-vfprintf.o)
 .debug_frame   0x0000000000001274       0x8c c:/mounriver/mounriver_studio/toolchain/risc-v embedded gcc/bin/../lib/gcc/riscv-none-embed/8.2.0/../../../../riscv-none-embed/lib/rv32imacxw/ilp32\libg_nano.a(lib_a-nano-vfprintf_i.o)
 .debug_frame   0x0000000000001300       0x30 c:/mounriver/mounriver_studio/toolchain/risc-v embedded gcc/bin/../lib/gcc/riscv-none-embed/8.2.0/../../../../riscv-none-embed/lib/rv32imacxw/ilp32\libg_nano.a(lib_a-sbrkr.o)
 .debug_frame   0x0000000000001330       0xa4 c:/mounriver/mounriver_studio/toolchain/risc-v embedded gcc/bin/../lib/gcc/riscv-none-embed/8.2.0/../../../../riscv-none-embed/lib/rv32imacxw/ilp32\libg_nano.a(lib_a-stdio.o)
 .debug_frame   0x00000000000013d4       0x30 c:/mounriver/mounriver_studio/toolchain/risc-v embedded gcc/bin/../lib/gcc/riscv-none-embed/8.2.0/../../../../riscv-none-embed/lib/rv32imacxw/ilp32\libg_nano.a(lib_a-writer.o)
 .debug_frame   0x0000000000001404       0x30 c:/mounriver/mounriver_studio/toolchain/risc-v embedded gcc/bin/../lib/gcc/riscv-none-embed/8.2.0/../../../../riscv-none-embed/lib/rv32imacxw/ilp32\libg_nano.a(lib_a-closer.o)
 .debug_frame   0x0000000000001434       0x30 c:/mounriver/mounriver_studio/toolchain/risc-v embedded gcc/bin/../lib/gcc/riscv-none-embed/8.2.0/../../../../riscv-none-embed/lib/rv32imacxw/ilp32\libg_nano.a(lib_a-fstatr.o)
 .debug_frame   0x0000000000001464       0x30 c:/mounriver/mounriver_studio/toolchain/risc-v embedded gcc/bin/../lib/gcc/riscv-none-embed/8.2.0/../../../../riscv-none-embed/lib/rv32imacxw/ilp32\libg_nano.a(lib_a-isattyr.o)
 .debug_frame   0x0000000000001494       0x30 c:/mounriver/mounriver_studio/toolchain/risc-v embedded gcc/bin/../lib/gcc/riscv-none-embed/8.2.0/../../../../riscv-none-embed/lib/rv32imacxw/ilp32\libg_nano.a(lib_a-lseekr.o)
 .debug_frame   0x00000000000014c4       0x20 c:/mounriver/mounriver_studio/toolchain/risc-v embedded gcc/bin/../lib/gcc/riscv-none-embed/8.2.0/../../../../riscv-none-embed/lib/rv32imacxw/ilp32\libg_nano.a(lib_a-memchr.o)
 .debug_frame   0x00000000000014e4       0x30 c:/mounriver/mounriver_studio/toolchain/risc-v embedded gcc/bin/../lib/gcc/riscv-none-embed/8.2.0/../../../../riscv-none-embed/lib/rv32imacxw/ilp32\libg_nano.a(lib_a-mlock.o)
 .debug_frame   0x0000000000001514       0x30 c:/mounriver/mounriver_studio/toolchain/risc-v embedded gcc/bin/../lib/gcc/riscv-none-embed/8.2.0/../../../../riscv-none-embed/lib/rv32imacxw/ilp32\libg_nano.a(lib_a-readr.o)
 .debug_frame   0x0000000000001544       0x70 c:/mounriver/mounriver_studio/toolchain/risc-v embedded gcc/bin/../lib/gcc/riscv-none-embed/8.2.0/../../../../riscv-none-embed/lib/rv32imacxw/ilp32\libg_nano.a(lib_a-reent.o)
 .debug_frame   0x00000000000015b4       0x20 c:/mounriver/mounriver_studio/toolchain/risc-v embedded gcc/bin/../lib/gcc/riscv-none-embed/8.2.0/../../../../riscv-none-embed/lib/rv32imacxw/ilp32\libnosys.a(close.o)
 .debug_frame   0x00000000000015d4       0x20 c:/mounriver/mounriver_studio/toolchain/risc-v embedded gcc/bin/../lib/gcc/riscv-none-embed/8.2.0/../../../../riscv-none-embed/lib/rv32imacxw/ilp32\libnosys.a(fstat.o)
 .debug_frame   0x00000000000015f4       0x20 c:/mounriver/mounriver_studio/toolchain/risc-v embedded gcc/bin/../lib/gcc/riscv-none-embed/8.2.0/../../../../riscv-none-embed/lib/rv32imacxw/ilp32\libnosys.a(isatty.o)
 .debug_frame   0x0000000000001614       0x20 c:/mounriver/mounriver_studio/toolchain/risc-v embedded gcc/bin/../lib/gcc/riscv-none-embed/8.2.0/../../../../riscv-none-embed/lib/rv32imacxw/ilp32\libnosys.a(lseek.o)
 .debug_frame   0x0000000000001634       0x20 c:/mounriver/mounriver_studio/toolchain/risc-v embedded gcc/bin/../lib/gcc/riscv-none-embed/8.2.0/../../../../riscv-none-embed/lib/rv32imacxw/ilp32\libnosys.a(read.o)

.stab           0x0000000000000000       0x84
 .stab          0x0000000000000000       0x24 c:/mounriver/mounriver_studio/toolchain/risc-v embedded gcc/bin/../lib/gcc/riscv-none-embed/8.2.0/../../../../riscv-none-embed/lib/rv32imacxw/ilp32\libnosys.a(close.o)
 .stab          0x0000000000000024       0x18 c:/mounriver/mounriver_studio/toolchain/risc-v embedded gcc/bin/../lib/gcc/riscv-none-embed/8.2.0/../../../../riscv-none-embed/lib/rv32imacxw/ilp32\libnosys.a(fstat.o)
                                         0x24 (size before relaxing)
 .stab          0x000000000000003c       0x18 c:/mounriver/mounriver_studio/toolchain/risc-v embedded gcc/bin/../lib/gcc/riscv-none-embed/8.2.0/../../../../riscv-none-embed/lib/rv32imacxw/ilp32\libnosys.a(isatty.o)
                                         0x24 (size before relaxing)
 .stab          0x0000000000000054       0x18 c:/mounriver/mounriver_studio/toolchain/risc-v embedded gcc/bin/../lib/gcc/riscv-none-embed/8.2.0/../../../../riscv-none-embed/lib/rv32imacxw/ilp32\libnosys.a(lseek.o)
                                         0x24 (size before relaxing)
 .stab          0x000000000000006c       0x18 c:/mounriver/mounriver_studio/toolchain/risc-v embedded gcc/bin/../lib/gcc/riscv-none-embed/8.2.0/../../../../riscv-none-embed/lib/rv32imacxw/ilp32\libnosys.a(read.o)
                                         0x24 (size before relaxing)

.stabstr        0x0000000000000000      0x117
 .stabstr       0x0000000000000000      0x117 c:/mounriver/mounriver_studio/toolchain/risc-v embedded gcc/bin/../lib/gcc/riscv-none-embed/8.2.0/../../../../riscv-none-embed/lib/rv32imacxw/ilp32\libnosys.a(close.o)
